Component: ARM Compiler 5.06 update 7 (build 960) Tool: armlink [4d3601]

==============================================================================

Section Cross References

    startup_stm32f103xb.o(RESET) refers to startup_stm32f103xb.o(STACK) for __initial_sp
    startup_stm32f103xb.o(RESET) refers to startup_stm32f103xb.o(.text) for Reset_Handler
    startup_stm32f103xb.o(RESET) refers to stm32f1xx_it.o(i.NMI_Handler) for NMI_Handler
    startup_stm32f103xb.o(RESET) refers to context_rvds.o(.text) for HardFault_Handler
    startup_stm32f103xb.o(RESET) refers to stm32f1xx_it.o(i.MemManage_Handler) for MemManage_Handler
    startup_stm32f103xb.o(RESET) refers to stm32f1xx_it.o(i.BusFault_Handler) for BusFault_Handler
    startup_stm32f103xb.o(RESET) refers to stm32f1xx_it.o(i.UsageFault_Handler) for UsageFault_Handler
    startup_stm32f103xb.o(RESET) refers to stm32f1xx_it.o(i.DebugMon_Handler) for DebugMon_Handler
    startup_stm32f103xb.o(RESET) refers to board.o(i.SysTick_Handler) for SysTick_Handler
    startup_stm32f103xb.o(RESET) refers to stm32f1xx_it.o(i.DMA1_Channel6_IRQHandler) for DMA1_Channel6_IRQHandler
    startup_stm32f103xb.o(RESET) refers to stm32f1xx_it.o(i.DMA1_Channel7_IRQHandler) for DMA1_Channel7_IRQHandler
    startup_stm32f103xb.o(RESET) refers to stm32f1xx_it.o(i.TIM3_IRQHandler) for TIM3_IRQHandler
    startup_stm32f103xb.o(RESET) refers to stm32f1xx_it.o(i.I2C1_EV_IRQHandler) for I2C1_EV_IRQHandler
    startup_stm32f103xb.o(RESET) refers to stm32f1xx_it.o(i.USART1_IRQHandler) for USART1_IRQHandler
    startup_stm32f103xb.o(.text) refers to system_stm32f1xx.o(i.SystemInit) for SystemInit
    startup_stm32f103xb.o(.text) refers to entry.o(.ARM.Collect$$$$00000000) for __main
    app_rt_thread.o(i.MX_RT_Thread_Init) refers to thread.o(i.rt_thread_init) for rt_thread_init
    app_rt_thread.o(i.MX_RT_Thread_Init) refers to thread.o(i.rt_thread_startup) for rt_thread_startup
    app_rt_thread.o(i.MX_RT_Thread_Init) refers to app_rt_thread.o(.bss) for .bss
    app_rt_thread.o(i.MX_RT_Thread_Init) refers to app_rt_thread.o(i.led1_task_entry) for led1_task_entry
    app_rt_thread.o(i.MX_RT_Thread_Process) refers to mb.o(i.eMBPoll) for eMBPoll
    app_rt_thread.o(i.led1_task_entry) refers to stm32f1xx_hal_gpio.o(i.HAL_GPIO_WritePin) for HAL_GPIO_WritePin
    app_rt_thread.o(i.led1_task_entry) refers to thread.o(i.rt_thread_delay) for rt_thread_delay
    main.o(i.SystemClock_Config) refers to memseta.o(.text) for __aeabi_memclr4
    main.o(i.SystemClock_Config) refers to stm32f1xx_hal_rcc.o(i.HAL_RCC_OscConfig) for HAL_RCC_OscConfig
    main.o(i.SystemClock_Config) refers to stm32f1xx_hal_rcc.o(i.HAL_RCC_ClockConfig) for HAL_RCC_ClockConfig
    main.o(i.main) refers to stm32f1xx_hal.o(i.HAL_Init) for HAL_Init
    main.o(i.main) refers to main.o(i.SystemClock_Config) for SystemClock_Config
    main.o(i.main) refers to gpio.o(i.MX_GPIO_Init) for MX_GPIO_Init
    main.o(i.main) refers to dma.o(i.MX_DMA_Init) for MX_DMA_Init
    main.o(i.main) refers to i2c.o(i.MX_I2C1_Init) for MX_I2C1_Init
    main.o(i.main) refers to usart.o(i.MX_USART1_UART_Init) for MX_USART1_UART_Init
    main.o(i.main) refers to tim.o(i.MX_TIM3_Init) for MX_TIM3_Init
    main.o(i.main) refers to aht20-21_demo_v1_3.o(i.AHT20_Init) for AHT20_Init
    main.o(i.main) refers to mb.o(i.eMBInit) for eMBInit
    main.o(i.main) refers to mb.o(i.eMBEnable) for eMBEnable
    main.o(i.main) refers to app_rt_thread.o(i.MX_RT_Thread_Init) for MX_RT_Thread_Init
    main.o(i.main) refers to mb.o(i.eMBPoll) for eMBPoll
    gpio.o(i.MX_GPIO_Init) refers to stm32f1xx_hal_gpio.o(i.HAL_GPIO_WritePin) for HAL_GPIO_WritePin
    gpio.o(i.MX_GPIO_Init) refers to stm32f1xx_hal_gpio.o(i.HAL_GPIO_Init) for HAL_GPIO_Init
    dma.o(i.MX_DMA_Init) refers to stm32f1xx_hal_cortex.o(i.HAL_NVIC_SetPriority) for HAL_NVIC_SetPriority
    dma.o(i.MX_DMA_Init) refers to stm32f1xx_hal_cortex.o(i.HAL_NVIC_EnableIRQ) for HAL_NVIC_EnableIRQ
    i2c.o(i.HAL_I2C_MspDeInit) refers to stm32f1xx_hal_gpio.o(i.HAL_GPIO_DeInit) for HAL_GPIO_DeInit
    i2c.o(i.HAL_I2C_MspDeInit) refers to stm32f1xx_hal_dma.o(i.HAL_DMA_DeInit) for HAL_DMA_DeInit
    i2c.o(i.HAL_I2C_MspDeInit) refers to stm32f1xx_hal_cortex.o(i.HAL_NVIC_DisableIRQ) for HAL_NVIC_DisableIRQ
    i2c.o(i.HAL_I2C_MspInit) refers to stm32f1xx_hal_gpio.o(i.HAL_GPIO_Init) for HAL_GPIO_Init
    i2c.o(i.HAL_I2C_MspInit) refers to stm32f1xx_hal_dma.o(i.HAL_DMA_Init) for HAL_DMA_Init
    i2c.o(i.HAL_I2C_MspInit) refers to main.o(i.Error_Handler) for Error_Handler
    i2c.o(i.HAL_I2C_MspInit) refers to stm32f1xx_hal_cortex.o(i.HAL_NVIC_SetPriority) for HAL_NVIC_SetPriority
    i2c.o(i.HAL_I2C_MspInit) refers to stm32f1xx_hal_cortex.o(i.HAL_NVIC_EnableIRQ) for HAL_NVIC_EnableIRQ
    i2c.o(i.HAL_I2C_MspInit) refers to i2c.o(.bss) for .bss
    i2c.o(i.MX_I2C1_Init) refers to stm32f1xx_hal_i2c.o(i.HAL_I2C_Init) for HAL_I2C_Init
    i2c.o(i.MX_I2C1_Init) refers to main.o(i.Error_Handler) for Error_Handler
[...]
    .data                                    0x200000e0   Section       28  demo.o(.data)
    usRegInputStart                          0x200000e0   Data           2  demo.o(.data)
    .data                                    0x200000fc   Section        4  clock.o(.data)
    rt_tick                                  0x200000fc   Data           4  clock.o(.data)
    .data                                    0x20000100   Section        1  irq.o(.data)
    .data                                    0x20000104   Section       48  object.o(.data)
    rt_object_container                      0x20000104   Data          48  object.o(.data)
    .data                                    0x20000134   Section       20  scheduler.o(.data)
    rt_scheduler_lock_nest                   0x20000136   Data           2  scheduler.o(.data)
    .data                                    0x20000148   Section       12  timer.o(.data)
    random_nr                                0x20000148   Data           4  timer.o(.data)
    rt_timer_list                            0x2000014c   Data           8  timer.o(.data)
    .data                                    0x20000154   Section        4  cpuport.o(.data)
    rt_exception_hook                        0x20000154   Data           4  cpuport.o(.data)
    .data                                    0x20000158   Section        4  cpuport.o(.data)
    .data                                    0x2000015c   Section        4  cpuport.o(.data)
    .data                                    0x20000160   Section        4  cpuport.o(.data)
    .data                                    0x20000164   Section       24  shell.o(.data)
    finsh_prompt_custom                      0x20000174   Data           4  shell.o(.data)
    .bss                                     0x2000017c   Section      248  app_rt_thread.o(.bss)
    .bss                                     0x20000274   Section      220  i2c.o(.bss)
    .bss                                     0x20000350   Section       72  tim.o(.bss)
    .bss                                     0x20000398   Section       68  usart.o(.bss)
    .bss                                     0x200003dc   Section       32  mbfuncother.o(.bss)
    ucMBSlaveID                              0x200003dc   Data          32  mbfuncother.o(.bss)
    .bss                                     0x200003fc   Section      256  mbrtu.o(.bss)
    .bss                                     0x200004fc   Section       10  demo.o(.bss)
    .bss                                     0x20000508   Section     1144  components.o(.bss)
    main_stack                               0x20000508   Data        1024  components.o(.bss)
    .bss                                     0x20000980   Section      248  idle.o(.bss)
    idle                                     0x20000980   Data         120  idle.o(.bss)
    rt_thread_stack                          0x200009f8   Data         128  idle.o(.bss)
    .bss                                     0x20000a78   Section      128  kservice.o(.bss)
    rt_log_buf                               0x20000a78   Data         128  kservice.o(.bss)
    .bss                                     0x20000af8   Section      256  scheduler.o(.bss)
    .bss                                     0x20000bf8   Section       68  board.o(.bss)
    UartHandle                               0x20000bf8   Data          68  board.o(.bss)
    .bss                                     0x20000c3c   Section     1396  shell.o(.bss)
    finsh_prompt                             0x20000c3c   Data         129  shell.o(.bss)
    finsh_thread                             0x20000cc0   Data         120  shell.o(.bss)
    finsh_thread_stack                       0x20000d38   Data        1024  shell.o(.bss)
    STACK                                    0x200011b0   Section     1024  startup_stm32f103xb.o(STACK)

    Global Symbols

    Symbol Name                              Value     Ov Type        Size  Object(Section)

    BuildAttributes$$THM_ISAv4$P$D$K$B$S$PE$A:L22UL41UL21$X:L11$S22US41US21$IEEE1$IW$USESV6$~STKCKD$USESV7$~SHL$OSPACE$EBA8$MICROLIB$REQ8$PRES8$EABIv2 0x00000000   Number         0  anon$$obj.o ABSOLUTE
    __ARM_use_no_argv                        0x00000000   Number         0  main.o ABSOLUTE
    __arm_fini_                               - Undefined Weak Reference
    __cpp_initialize__aeabi_                  - Undefined Weak Reference
    __cxa_finalize                            - Undefined Weak Reference
    _clock_init                               - Undefined Weak Reference
    _microlib_exit                            - Undefined Weak Reference
    __Vectors_Size                           0x000000ec   Number         0  startup_stm32f103xb.o ABSOLUTE
    __Vectors                                0x08000000   Data           4  startup_stm32f103xb.o(RESET)
    __Vectors_End                            0x080000ec   Data           0  startup_stm32f103xb.o(RESET)
    __main                                   0x080000ed   Thumb Code     0  entry.o(.ARM.Collect$$$$00000000)
    _main_stk                                0x080000ed   Thumb Code     0  entry2.o(.ARM.Collect$$$$00000001)
    _main_scatterload                        0x080000f1   Thumb Code     0  entry5.o(.ARM.Collect$$$$00000004)
    __main_after_scatterload                 0x080000f5   Thumb Code     0  entry5.o(.ARM.Collect$$$$00000004)
    _main_clock                              0x080000f5   Thumb Code     0  entry7b.o(.ARM.Collect$$$$00000008)
    _main_cpp_init                           0x080000f5   Thumb Code     0  entry8b.o(.ARM.Collect$$$$0000000A)
    _main_init                               0x080000f5   Thumb Code     0  entry9a.o(.ARM.Collect$$$$0000000B)
    __rt_lib_shutdown_fini                   0x080000fd   Thumb Code     0  entry12b.o(.ARM.Collect$$$$0000000E)
    __rt_final_cpp                           0x08000101   Thumb Code     0  entry10a.o(.ARM.Collect$$$$0000000F)
    __rt_final_exit                          0x08000101   Thumb Code     0  entry11a.o(.ARM.Collect$$$$00000011)
    Reset_Handler                            0x08000105   Thumb Code     8  startup_stm32f103xb.o(.text)
    SVC_Handler                              0x08000117   Thumb Code     2  startup_stm32f103xb.o(.text)
    ADC1_2_IRQHandler                        0x0800011f   Thumb Code     0  startup_stm32f103xb.o(.text)
    CAN1_RX1_IRQHandler                      0x0800011f   Thumb Code     0  startup_stm32f103xb.o(.text)
    CAN1_SCE_IRQHandler                      0x0800011f   Thumb Code     0  startup_stm32f103xb.o(.text)
    DMA1_Channel1_IRQHandler                 0x0800011f   Thumb Code     0  startup_stm32f103xb.o(.text)
    DMA1_Channel2_IRQHandler                 0x0800011f   Thumb Code     0  startup_stm32f103xb.o(.text)
    DMA1_Channel3_IRQHandler                 0x0800011f   Thumb Code     0  startup_stm32f103xb.o(.text)
    DMA1_Channel4_IRQHandler                 0x0800011f   Thumb Code     0  startup_stm32f103xb.o(.text)
    DMA1_Channel5_IRQHandler                 0x0800011f   Thumb Code     0  startup_stm32f103xb.o(.text)
    EXTI0_IRQHandler                         0x0800011f   Thumb Code     0  startup_stm32f103xb.o(.text)
    EXTI15_10_IRQHandler                     0x0800011f   Thumb Code     0  startup_stm32f103xb.o(.text)
    EXTI1_IRQHandler                         0x0800011f   Thumb Code     0  startup_stm32f103xb.o(.text)
    EXTI2_IRQHandler                         0x0800011f   Thumb Code     0  startup_stm32f103xb.o(.text)
    EXTI3_IRQHandler                         0x0800011f   Thumb Code     0  startup_stm32f103xb.o(.text)
    EXTI4_IRQHandler                         0x0800011f   Thumb Code     0  startup_stm32f103xb.o(.text)
    EXTI9_5_IRQHandler                       0x0800011f   Thumb Code     0  startup_stm32f103xb.o(.text)
    FLASH_IRQHandler                         0x0800011f   Thumb Code     0  startup_stm32f103xb.o(.text)
    I2C1_ER_IRQHandler                       0x0800011f   Thumb Code     0  startup_stm32f103xb.o(.text)
    I2C2_ER_IRQHandler                       0x0800011f   Thumb Code     0  startup_stm32f103xb.o(.text)
    I2C2_EV_IRQHandler                       0x0800011f   Thumb Code     0  startup_stm32f103xb.o(.text)
    PVD_IRQHandler                           0x0800011f   Thumb Code     0  startup_stm32f103xb.o(.text)
    RCC_IRQHandler                           0x0800011f   Thumb Code     0  startup_stm32f103xb.o(.text)
    RTC_Alarm_IRQHandler                     0x0800011f   Thumb Code     0  startup_stm32f103xb.o(.text)
    RTC_IRQHandler                           0x0800011f   Thumb Code     0  startup_stm32f103xb.o(.text)
    SPI1_IRQHandler                          0x0800011f   Thumb Code     0  startup_stm32f103xb.o(.text)
    SPI2_IRQHandler                          0x0800011f   Thumb Code     0  startup_stm32f103xb.o(.text)
    TAMPER_IRQHandler                        0x0800011f   Thumb Code     0  startup_stm32f103xb.o(.text)
    TIM1_BRK_IRQHandler                      0x0800011f   Thumb Code     0  startup_stm32f103xb.o(.text)
    TIM1_CC_IRQHandler                       0x0800011f   Thumb Code     0  startup_stm32f103xb.o(.text)
    TIM1_TRG_COM_IRQHandler                  0x0800011f   Thumb Code     0  startup_stm32f103xb.o(.text)
    TIM1_UP_IRQHandler                       0x0800011f   Thumb Code     0  startup_stm32f103xb.o(.text)
    TIM2_IRQHandler                          0x0800011f   Thumb Code     0  startup_stm32f103xb.o(.text)
    TIM4_IRQHandler                          0x0800011f   Thumb Code     0  startup_stm32f103xb.o(.text)
    USART2_IRQHandler                        0x0800011f   Thumb Code     0  startup_stm32f103xb.o(.text)
    USART3_IRQHandler                        0x0800011f   Thumb Code     0  startup_stm32f103xb.o(.text)
    USBWakeUp_IRQHandler                     0x0800011f   Thumb Code     0  startup_stm32f103xb.o(.text)
    USB_HP_CAN1_TX_IRQHandler                0x0800011f   Thumb Code     0  startup_stm32f103xb.o(.text)
    USB_LP_CAN1_RX0_IRQHandler               0x0800011f   Thumb Code     0  startup_stm32f103xb.o(.text)
    WWDG_IRQHandler                          0x0800011f   Thumb Code     0  startup_stm32f103xb.o(.text)
    rt_hw_interrupt_disable                  0x08000129   Thumb Code     8  context_rvds.o(.text)
    rt_hw_interrupt_enable                   0x08000131   Thumb Code     6  context_rvds.o(.text)
    rt_hw_context_switch                     0x08000137   Thumb Code    32  context_rvds.o(.text)
    rt_hw_context_switch_interrupt           0x08000137   Thumb Code     0  context_rvds.o(.text)
    PendSV_Handler                           0x08000157   Thumb Code    60  context_rvds.o(.text)
    rt_hw_context_switch_to                  0x08000193   Thumb Code    56  context_rvds.o(.text)
    rt_hw_interrupt_thread_switch            0x080001cb   Thumb Code     2  context_rvds.o(.text)
    HardFault_Handler                        0x080001cd   Thumb Code    52  context_rvds.o(.text)
    __aeabi_memcpy                           0x0800021d   Thumb Code    36  memcpya.o(.text)
    __aeabi_memcpy4                          0x0800021d   Thumb Code     0  memcpya.o(.text)
    __aeabi_memcpy8                          0x0800021d   Thumb Code     0  memcpya.o(.text)
    __aeabi_memset                           0x08000241   Thumb Code    14  memseta.o(.text)
    __aeabi_memset4                          0x08000241   Thumb Code     0  memseta.o(.text)
    __aeabi_memset8                          0x08000241   Thumb Code     0  memseta.o(.text)
    __aeabi_memclr                           0x0800024f   Thumb Code     4  memseta.o(.text)
    __aeabi_memclr4                          0x0800024f   Thumb Code     0  memseta.o(.text)
    __aeabi_memclr8                          0x0800024f   Thumb Code     0  memseta.o(.text)
    _memset$wrapper                          0x08000253   Thumb Code    18  memseta.o(.text)
    strcat                                   0x08000265   Thumb Code    24  strcat.o(.text)
    strncpy                                  0x0800027d   Thumb Code    24  strncpy.o(.text)
    strlen                                   0x08000295   Thumb Code    14  strlen.o(.text)
    strcpy                                   0x080002a3   Thumb Code    18  strcpy.o(.text)
    strncmp                                  0x080002b5   Thumb Code    30  strncmp.o(.text)
    __scatterload                            0x080002d5   Thumb Code    28  init.o(.text)
    __scatterload_rt2                        0x080002d5   Thumb Code     0  init.o(.text)
    __decompress                             0x080002f9   Thumb Code     0  __dczerorl2.o(.text)
    __decompress1                            0x080002f9   Thumb Code    86  __dczerorl2.o(.text)
    main                                     0x0800034f   Thumb Code    10  components.o(i.$Sub$$main)
    AHT20_Init                               0x08000359   Thumb Code   118  aht20-21_demo_v1_3.o(i.AHT20_Init)
    AHT20_RD_Byte                            0x080003d1   Thumb Code    90  aht20-21_demo_v1_3.o(i.AHT20_RD_Byte)
    AHT20_Read_CTdata_crc                    0x08000431   Thumb Code   292  aht20-21_demo_v1_3.o(i.AHT20_Read_CTdata_crc)
    AHT20_Read_Status                        0x08000555   Thumb Code    34  aht20-21_demo_v1_3.o(i.AHT20_Read_Status)
    AHT20_SendAC                             0x08000577   Thumb Code    54  aht20-21_demo_v1_3.o(i.AHT20_SendAC)
    AHT20_WR_Byte                            0x080005ad   Thumb Code    74  aht20-21_demo_v1_3.o(i.AHT20_WR_Byte)
    BusFault_Handler                         0x080005f7   Thumb Code     2  stm32f1xx_it.o(i.BusFault_Handler)
    Calc_CRC8                                0x080005f9   Thumb Code    50  aht20-21_demo_v1_3.o(i.Calc_CRC8)
    DMA1_Channel6_IRQHandler                 0x0800062d   Thumb Code     6  stm32f1xx_it.o(i.DMA1_Channel6_IRQHandler)
    DMA1_Channel7_IRQHandler                 0x08000639   Thumb Code     6  stm32f1xx_it.o(i.DMA1_Channel7_IRQHandler)
    DebugMon_Handler                         0x08000645   Thumb Code     2  stm32f1xx_it.o(i.DebugMon_Handler)
    Delay_1ms                                0x08000647   Thumb Code    22  aht20-21_demo_v1_3.o(i.Delay_1ms)
    Delay_4us                                0x0800065d   Thumb Code    30  aht20-21_demo_v1_3.o(i.Delay_4us)
    Delay_5us                                0x0800067b   Thumb Code    36  aht20-21_demo_v1_3.o(i.Delay_5us)
    Delay_N10us                              0x0800069f   Thumb Code     6  aht20-21_demo_v1_3.o(i.Delay_N10us)
    Error_Handler                            0x080006a5   Thumb Code     4  main.o(i.Error_Handler)
    HAL_DMA_Abort                            0x080006a9   Thumb Code    70  stm32f1xx_hal_dma.o(i.HAL_DMA_Abort)
    HAL_DMA_Abort_IT                         0x080006f1   Thumb Code   148  stm32f1xx_hal_dma.o(i.HAL_DMA_Abort_IT)
    HAL_DMA_GetState                         0x08000789   Thumb Code     6  stm32f1xx_hal_dma.o(i.HAL_DMA_GetState)
    HAL_DMA_IRQHandler                       0x08000791   Thumb Code   316  stm32f1xx_hal_dma.o(i.HAL_DMA_IRQHandler)
    HAL_DMA_Init                             0x080008e5   Thumb Code    84  stm32f1xx_hal_dma.o(i.HAL_DMA_Init)
    HAL_GPIO_Init                            0x08000941   Thumb Code   446  stm32f1xx_hal_gpio.o(i.HAL_GPIO_Init)
    HAL_GPIO_ReadPin                         0x08000b21   Thumb Code    10  stm32f1xx_hal_gpio.o(i.HAL_GPIO_ReadPin)
    HAL_GPIO_WritePin                        0x08000b2b   Thumb Code    10  stm32f1xx_hal_gpio.o(i.HAL_GPIO_WritePin)
    HAL_GetTick                              0x08000b35   Thumb Code     6  stm32f1xx_hal.o(i.HAL_GetTick)
    HAL_I2C_AbortCpltCallback                0x08000b41   Thumb Code     2  stm32f1xx_hal_i2c.o(i.HAL_I2C_AbortCpltCallback)
    HAL_I2C_AddrCallback                     0x08000b43   Thumb Code     2  stm32f1xx_hal_i2c.o(i.HAL_I2C_AddrCallback)
    HAL_I2C_EV_IRQHandler                    0x08000b45   Thumb Code   560  stm32f1xx_hal_i2c.o(i.HAL_I2C_EV_IRQHandler)
    HAL_I2C_ErrorCallback                    0x08000d75   Thumb Code     2  stm32f1xx_hal_i2c.o(i.HAL_I2C_ErrorCallback)
    HAL_I2C_Init                             0x08000d79   Thumb Code   376  stm32f1xx_hal_i2c.o(i.HAL_I2C_Init)
    HAL_I2C_ListenCpltCallback               0x08000f01   Thumb Code     2  stm32f1xx_hal_i2c.o(i.HAL_I2C_ListenCpltCallback)
    HAL_I2C_MasterRxCpltCallback             0x08000f03   Thumb Code     2  stm32f1xx_hal_i2c.o(i.HAL_I2C_MasterRxCpltCallback)
    HAL_I2C_MasterTxCpltCallback             0x08000f05   Thumb Code     2  stm32f1xx_hal_i2c.o(i.HAL_I2C_MasterTxCpltCallback)
    HAL_I2C_MemRxCpltCallback                0x08000f07   Thumb Code     2  stm32f1xx_hal_i2c.o(i.HAL_I2C_MemRxCpltCallback)
    HAL_I2C_MemTxCpltCallback                0x08000f09   Thumb Code     2  stm32f1xx_hal_i2c.o(i.HAL_I2C_MemTxCpltCallback)
    HAL_I2C_MspInit                          0x08000f0d   Thumb Code   178  i2c.o(i.HAL_I2C_MspInit)
    HAL_I2C_SlaveRxCpltCallback              0x08000fd5   Thumb Code     2  stm32f1xx_hal_i2c.o(i.HAL_I2C_SlaveRxCpltCallback)
    HAL_I2C_SlaveTxCpltCallback              0x08000fd7   Thumb Code     2  stm32f1xx_hal_i2c.o(i.HAL_I2C_SlaveTxCpltCallback)
    HAL_Init                                 0x08000fd9   Thumb Code    32  stm32f1xx_hal.o(i.HAL_Init)
    HAL_InitTick                             0x08000ffd   Thumb Code    54  stm32f1xx_hal.o(i.HAL_InitTick)
    HAL_MspInit                              0x0800103d   Thumb Code    52  stm32f1xx_hal_msp.o(i.HAL_MspInit)
    HAL_NVIC_ClearPendingIRQ                 0x08001079   Thumb Code    26  stm32f1xx_hal_cortex.o(i.HAL_NVIC_ClearPendingIRQ)
    HAL_NVIC_EnableIRQ                       0x08001093   Thumb Code    26  stm32f1xx_hal_cortex.o(i.HAL_NVIC_EnableIRQ)
    HAL_NVIC_SetPriority                     0x080010ad   Thumb Code    60  stm32f1xx_hal_cortex.o(i.HAL_NVIC_SetPriority)
    HAL_NVIC_SetPriorityGrouping             0x080010ed   Thumb Code    26  stm32f1xx_hal_cortex.o(i.HAL_NVIC_SetPriorityGrouping)
    HAL_RCC_ClockConfig                      0x08001111   Thumb Code   280  stm32f1xx_hal_rcc.o(i.HAL_RCC_ClockConfig)
    HAL_RCC_GetHCLKFreq                      0x0800123d   Thumb Code     6  stm32f1xx_hal_rcc.o(i.HAL_RCC_GetHCLKFreq)
    HAL_RCC_GetPCLK1Freq                     0x08001249   Thumb Code    20  stm32f1xx_hal_rcc.o(i.HAL_RCC_GetPCLK1Freq)
    HAL_RCC_GetPCLK2Freq                     0x08001269   Thumb Code    20  stm32f1xx_hal_rcc.o(i.HAL_RCC_GetPCLK2Freq)
    HAL_RCC_GetSysClockFreq                  0x08001289   Thumb Code    74  stm32f1xx_hal_rcc.o(i.HAL_RCC_GetSysClockFreq)
    HAL_RCC_OscConfig                        0x080012f5   Thumb Code   778  stm32f1xx_hal_rcc.o(i.HAL_RCC_OscConfig)
    HAL_SYSTICK_Config                       0x08001615   Thumb Code    40  stm32f1xx_hal_cortex.o(i.HAL_SYSTICK_Config)
    HAL_TIMEx_BreakCallback                  0x0800163d   Thumb Code     2  stm32f1xx_hal_tim_ex.o(i.HAL_TIMEx_BreakCallback)
    HAL_TIMEx_CommutCallback                 0x0800163f   Thumb Code     2  stm32f1xx_hal_tim_ex.o(i.HAL_TIMEx_CommutCallback)
    HAL_TIMEx_MasterConfigSynchronization    0x08001641   Thumb Code    92  stm32f1xx_hal_tim_ex.o(i.HAL_TIMEx_MasterConfigSynchronization)
    HAL_TIM_Base_Init                        0x080016a9   Thumb Code    90  stm32f1xx_hal_tim.o(i.HAL_TIM_Base_Init)
    HAL_TIM_Base_MspInit                     0x08001705   Thumb Code    50  tim.o(i.HAL_TIM_Base_MspInit)
    HAL_TIM_ConfigClockSource                0x08001741   Thumb Code   214  stm32f1xx_hal_tim.o(i.HAL_TIM_ConfigClockSource)
    HAL_TIM_IC_CaptureCallback               0x08001817   Thumb Code     2  stm32f1xx_hal_tim.o(i.HAL_TIM_IC_CaptureCallback)
    HAL_TIM_IRQHandler                       0x08001819   Thumb Code   358  stm32f1xx_hal_tim.o(i.HAL_TIM_IRQHandler)
    HAL_TIM_OC_DelayElapsedCallback          0x0800197f   Thumb Code     2  stm32f1xx_hal_tim.o(i.HAL_TIM_OC_DelayElapsedCallback)
    HAL_TIM_PWM_PulseFinishedCallback        0x08001981   Thumb Code     2  stm32f1xx_hal_tim.o(i.HAL_TIM_PWM_PulseFinishedCallback)
    HAL_TIM_PeriodElapsedCallback            0x08001983   Thumb Code     4  stm32f1xx_it.o(i.HAL_TIM_PeriodElapsedCallback)
    HAL_TIM_TriggerCallback                  0x08001987   Thumb Code     2  stm32f1xx_hal_tim.o(i.HAL_TIM_TriggerCallback)
    HAL_UARTEx_RxEventCallback               0x08001989   Thumb Code     2  stm32f1xx_hal_uart.o(i.HAL_UARTEx_RxEventCallback)
    HAL_UART_ErrorCallback                   0x0800198b   Thumb Code     2  stm32f1xx_hal_uart.o(i.HAL_UART_ErrorCallback)
    HAL_UART_IRQHandler                      0x0800198d   Thumb Code   520  stm32f1xx_hal_uart.o(i.HAL_UART_IRQHandler)
    HAL_UART_Init                            0x08001b99   Thumb Code    98  stm32f1xx_hal_uart.o(i.HAL_UART_Init)
    HAL_UART_MspInit                         0x08001bfd   Thumb Code   116  usart.o(i.HAL_UART_MspInit)
    HAL_UART_Receive                         0x08001c7d   Thumb Code   192  stm32f1xx_hal_uart.o(i.HAL_UART_Receive)
    HAL_UART_RxCpltCallback                  0x08001d3d   Thumb Code     2  stm32f1xx_hal_uart.o(i.HAL_UART_RxCpltCallback)
    HAL_UART_Transmit                        0x08001d41   Thumb Code   178  stm32f1xx_hal_uart.o(i.HAL_UART_Transmit)
    HAL_UART_TxCpltCallback                  0x08001df3   Thumb Code     2  stm32f1xx_hal_uart.o(i.HAL_UART_TxCpltCallback)
    I2C1_EV_IRQHandler                       0x08001df5   Thumb Code     6  stm32f1xx_it.o(i.I2C1_EV_IRQHandler)
    I2C_Start                                0x08002735   Thumb Code    46  aht20-21_demo_v1_3.o(i.I2C_Start)
    Init_I2C_Sensor_Port                     0x08002765   Thumb Code    68  aht20-21_demo_v1_3.o(i.Init_I2C_Sensor_Port)
    MX_DMA_Init                              0x080027ad   Thumb Code    56  dma.o(i.MX_DMA_Init)
    MX_GPIO_Init                             0x080027e9   Thumb Code   104  gpio.o(i.MX_GPIO_Init)
    MX_I2C1_Init                             0x08002859   Thumb Code    50  i2c.o(i.MX_I2C1_Init)
    MX_RT_Thread_Init                        0x08002899   Thumb Code    40  app_rt_thread.o(i.MX_RT_Thread_Init)
    MX_TIM3_Init                             0x080028d1   Thumb Code    94  tim.o(i.MX_TIM3_Init)
    MX_USART1_UART_Init                      0x08002939   Thumb Code    48  usart.o(i.MX_USART1_UART_Init)
    MemManage_Handler                        0x08002971   Thumb Code     2  stm32f1xx_it.o(i.MemManage_Handler)
    NMI_Handler                              0x08002973   Thumb Code     2  stm32f1xx_it.o(i.NMI_Handler)
    Receive_ACK                              0x08002975   Thumb Code    72  aht20-21_demo_v1_3.o(i.Receive_ACK)
    SCL_Pin_Output_High                      0x080029c1   Thumb Code    10  aht20-21_demo_v1_3.o(i.SCL_Pin_Output_High)
    SCL_Pin_Output_Low                       0x080029d1   Thumb Code    10  aht20-21_demo_v1_3.o(i.SCL_Pin_Output_Low)
    SDA_Pin_IN_FLOATING                      0x080029e1   Thumb Code    24  aht20-21_demo_v1_3.o(i.SDA_Pin_IN_FLOATING)
    SDA_Pin_Output_High                      0x080029fd   Thumb Code    36  aht20-21_demo_v1_3.o(i.SDA_Pin_Output_High)
    SDA_Pin_Output_Low                       0x08002a25   Thumb Code    36  aht20-21_demo_v1_3.o(i.SDA_Pin_Output_Low)
    Send_ACK                                 0x08002a4d   Thumb Code    56  aht20-21_demo_v1_3.o(i.Send_ACK)
    Send_NOT_ACK                             0x08002a85   Thumb Code    56  aht20-21_demo_v1_3.o(i.Send_NOT_ACK)
    SensorDelay_us                           0x08002abd   Thumb Code    20  aht20-21_demo_v1_3.o(i.SensorDelay_us)
    Stop_I2C                                 0x08002ad1   Thumb Code    36  aht20-21_demo_v1_3.o(i.Stop_I2C)
    SysTick_Handler                          0x08002af5   Thumb Code    18  board.o(i.SysTick_Handler)
    SystemClock_Config                       0x08002b07   Thumb Code    94  main.o(i.SystemClock_Config)
    SystemCoreClockUpdate                    0x08002b65   Thumb Code    82  system_stm32f1xx.o(i.SystemCoreClockUpdate)
    SystemInit                               0x08002bcd   Thumb Code     2  system_stm32f1xx.o(i.SystemInit)
    TIM3_IRQHandler                          0x08002bd1   Thumb Code     6  stm32f1xx_it.o(i.TIM3_IRQHandler)
    TIM_Base_SetConfig                       0x08002bdd   Thumb Code    94  stm32f1xx_hal_tim.o(i.TIM_Base_SetConfig)
    TIM_ETR_SetConfig                        0x08002c49   Thumb Code    20  stm32f1xx_hal_tim.o(i.TIM_ETR_SetConfig)
    USART1_IRQHandler                        0x08002ec5   Thumb Code    50  stm32f1xx_it.o(i.USART1_IRQHandler)
    UsageFault_Handler                       0x08002efd   Thumb Code     2  stm32f1xx_it.o(i.UsageFault_Handler)
    __rt_ffs                                 0x08002f21   Thumb Code    62  kservice.o(i.__rt_ffs)
    __scatterload_copy                       0x08002f65   Thumb Code    14  handlers.o(i.__scatterload_copy)
    __scatterload_null                       0x08002f73   Thumb Code     2  handlers.o(i.__scatterload_null)
    __scatterload_zeroinit                   0x08002f75   Thumb Code    14  handlers.o(i.__scatterload_zeroinit)
    cmd_ps                                   0x080031ad   Thumb Code    10  msh.o(i.cmd_ps)
    eMBASCIIInit                             0x080031b9   Thumb Code    56  mbascii.o(i.eMBASCIIInit)
    eMBASCIIReceive                          0x080031f5   Thumb Code    80  mbascii.o(i.eMBASCIIReceive)
    eMBASCIISend                             0x08003249   Thumb Code    80  mbascii.o(i.eMBASCIISend)
    eMBASCIIStart                            0x0800329d   Thumb Code    32  mbascii.o(i.eMBASCIIStart)
    eMBASCIIStop                             0x080032c1   Thumb Code    28  mbascii.o(i.eMBASCIIStop)
    eMBEnable                                0x080032dd   Thumb Code    28  mb.o(i.eMBEnable)
    eMBFuncReadCoils                         0x080032fd   Thumb Code   114  mbfunccoils.o(i.eMBFuncReadCoils)
    eMBFuncReadDiscreteInputs                0x0800336f   Thumb Code   114  mbfuncdisc.o(i.eMBFuncReadDiscreteInputs)
    eMBFuncReadHoldingRegister               0x080033e1   Thumb Code    94  mbfuncholding.o(i.eMBFuncReadHoldingRegister)
    eMBFuncReadInputRegister                 0x0800343f   Thumb Code    98  mbfuncinput.o(i.eMBFuncReadInputRegister)
    eMBFuncReadWriteMultipleHoldingRegister  0x080034a1   Thumb Code   156  mbfuncholding.o(i.eMBFuncReadWriteMultipleHoldingRegister)
    eMBFuncReportSlaveID                     0x0800353d   Thumb Code    26  mbfuncother.o(i.eMBFuncReportSlaveID)
    eMBFuncWriteCoil                         0x08003561   Thumb Code    86  mbfunccoils.o(i.eMBFuncWriteCoil)
    eMBFuncWriteHoldingRegister              0x080035b7   Thumb Code    50  mbfuncholding.o(i.eMBFuncWriteHoldingRegister)
    eMBFuncWriteMultipleCoils                0x080035e9   Thumb Code   100  mbfunccoils.o(i.eMBFuncWriteMultipleCoils)
    eMBFuncWriteMultipleHoldingRegister      0x0800364d   Thumb Code    78  mbfuncholding.o(i.eMBFuncWriteMultipleHoldingRegister)
    eMBInit                                  0x0800369d   Thumb Code   140  mb.o(i.eMBInit)
    eMBPoll                                  0x08003765   Thumb Code   176  mb.o(i.eMBPoll)
    eMBRTUInit                               0x08003819   Thumb Code    66  mbrtu.o(i.eMBRTUInit)
    eMBRTUReceive                            0x08003861   Thumb Code    82  mbrtu.o(i.eMBRTUReceive)
    eMBRTUSend                               0x080038bd   Thumb Code    92  mbrtu.o(i.eMBRTUSend)
    eMBRTUStart                              0x08003921   Thumb Code    32  mbrtu.o(i.eMBRTUStart)
    eMBRTUStop                               0x08003945   Thumb Code    28  mbrtu.o(i.eMBRTUStop)
    eMBRegCoilsCB                            0x08003961   Thumb Code     4  demo.o(i.eMBRegCoilsCB)
    eMBRegDiscreteCB                         0x08003965   Thumb Code     4  demo.o(i.eMBRegDiscreteCB)
    eMBRegHoldingCB                          0x08003969   Thumb Code     4  demo.o(i.eMBRegHoldingCB)
    eMBRegInputCB                            0x0800396d   Thumb Code   166  demo.o(i.eMBRegInputCB)
    finsh_get_prompt                         0x08003a21   Thumb Code    66  shell.o(i.finsh_get_prompt)
    finsh_set_prompt_mode                    0x08003a81   Thumb Code    16  shell.o(i.finsh_set_prompt_mode)
    finsh_system_function_init               0x08003a95   Thumb Code     8  shell.o(i.finsh_system_function_init)
    finsh_system_init                        0x08003aa1   Thumb Code    82  shell.o(i.finsh_system_init)
    finsh_thread_entry                       0x08003b19   Thumb Code   612  shell.o(i.finsh_thread_entry)
    hello                                    0x08003e1d   Thumb Code    12  cmd.o(i.hello)
    led1_task_entry                          0x08003e3d   Thumb Code    44  app_rt_thread.o(i.led1_task_entry)
    list                                     0x08003e6d   Thumb Code    50  cmd.o(i.list)
    list_sem                                 0x08003f5d   Thumb Code   214  cmd.o(i.list_sem)
    list_thread                              0x0800409d   Thumb Code   250  cmd.o(i.list_thread)
    list_timer                               0x08004255   Thumb Code   160  cmd.o(i.list_timer)
    $Super$$main                             0x08004395   Thumb Code    66  main.o(i.main)
    main_thread_entry                        0x080043d7   Thumb Code    14  components.o(i.main_thread_entry)
    msh_auto_complete                        0x080044bd   Thumb Code   150  msh.o(i.msh_auto_complete)
    msh_exec                                 0x08004569   Thumb Code    74  msh.o(i.msh_exec)
    msh_help                                 0x080045cd   Thumb Code    58  msh.o(i.msh_help)
    msh_is_used                              0x08004645   Thumb Code     4  msh.o(i.msh_is_used)
    prveMBError2Exception                    0x08004861   Thumb Code    24  mbutils.o(i.prveMBError2Exception)
    prvvTIMERExpiredISR                      0x080048ad   Thumb Code     6  porttimer.o(i.prvvTIMERExpiredISR)
    prvvUARTRxISR                            0x080048b9   Thumb Code     6  portserial.o(i.prvvUARTRxISR)
    prvvUARTTxReadyISR                       0x080048c5   Thumb Code     6  portserial.o(i.prvvUARTTxReadyISR)
    rt_application_init                      0x080048d1   Thumb Code    44  components.o(i.rt_application_init)
    rt_components_board_init                 0x0800490d   Thumb Code    20  components.o(i.rt_components_board_init)
    rt_components_init                       0x08004929   Thumb Code    20  components.o(i.rt_components_init)
    rt_enter_critical                        0x08004945   Thumb Code    22  scheduler.o(i.rt_enter_critical)
    rt_exit_critical                         0x08004961   Thumb Code    52  scheduler.o(i.rt_exit_critical)
    rt_hw_board_init                         0x08004999   Thumb Code    38  board.o(i.rt_hw_board_init)
    rt_hw_console_getchar                    0x080049c1   Thumb Code    34  board.o(i.rt_hw_console_getchar)
    rt_hw_console_output                     0x080049e9   Thumb Code    66  board.o(i.rt_hw_console_output)
    rt_hw_hard_fault_exception               0x08004a31   Thumb Code   186  cpuport.o(i.rt_hw_hard_fault_exception)
    rt_hw_stack_init                         0x08004c2d   Thumb Code    52  cpuport.o(i.rt_hw_stack_init)
    rt_interrupt_enter                       0x08004c65   Thumb Code    22  irq.o(i.rt_interrupt_enter)
    rt_interrupt_leave                       0x08004c81   Thumb Code    22  irq.o(i.rt_interrupt_leave)
    rt_kprintf                               0x08004c9d   Thumb Code    28  kservice.o(i.rt_kprintf)
    rt_memmove                               0x08004d11   Thumb Code    50  kservice.o(i.rt_memmove)
    rt_memset                                0x08004d45   Thumb Code    70  kservice.o(i.rt_memset)
    rt_object_detach                         0x08004d8b   Thumb Code    36  object.o(i.rt_object_detach)
    rt_object_get_information                0x08004db1   Thumb Code    30  object.o(i.rt_object_get_information)
    rt_object_init                           0x08004dd5   Thumb Code    82  object.o(i.rt_object_init)
    rt_object_is_systemobject                0x08004e27   Thumb Code    14  object.o(i.rt_object_is_systemobject)
    rt_schedule                              0x08004e35   Thumb Code    76  scheduler.o(i.rt_schedule)
    rt_schedule_insert_thread                0x08004e8d   Thumb Code    70  scheduler.o(i.rt_schedule_insert_thread)
    rt_schedule_remove_thread                0x08004edd   Thumb Code    64  scheduler.o(i.rt_schedule_remove_thread)
    rt_sem_init                              0x08004f25   Thumb Code    36  ipc.o(i.rt_sem_init)
    rt_show_version                          0x08004f49   Thumb Code    40  kservice.o(i.rt_show_version)
    rt_strlen                                0x08004ff9   Thumb Code    16  kservice.o(i.rt_strlen)
    rt_strncpy                               0x08005009   Thumb Code    38  kservice.o(i.rt_strncpy)
    rt_system_scheduler_init                 0x08005031   Thumb Code    44  scheduler.o(i.rt_system_scheduler_init)
    rt_system_scheduler_start                0x08005065   Thumb Code    32  scheduler.o(i.rt_system_scheduler_start)
    rt_system_timer_init                     0x0800508d   Thumb Code     8  timer.o(i.rt_system_timer_init)
    rt_system_timer_thread_init              0x08005099   Thumb Code     2  timer.o(i.rt_system_timer_thread_init)
    rt_thread_delay                          0x0800509b   Thumb Code     4  thread.o(i.rt_thread_delay)
    rt_thread_exit                           0x080050a1   Thumb Code    82  thread.o(i.rt_thread_exit)
    rt_thread_idle_init                      0x08005101   Thumb Code    40  idle.o(i.rt_thread_idle_init)
    rt_thread_init                           0x08005139   Thumb Code    48  thread.o(i.rt_thread_init)
    rt_thread_mdelay                         0x08005169   Thumb Code    14  thread.o(i.rt_thread_mdelay)
    rt_thread_resume                         0x08005177   Thumb Code    60  thread.o(i.rt_thread_resume)
    rt_thread_self                           0x080051b5   Thumb Code     6  thread.o(i.rt_thread_self)
    rt_thread_sleep                          0x080051c1   Thumb Code    60  thread.o(i.rt_thread_sleep)
    rt_thread_startup                        0x08005201   Thumb Code    40  thread.o(i.rt_thread_startup)
    rt_thread_suspend                        0x0800522d   Thumb Code    66  thread.o(i.rt_thread_suspend)
    rt_thread_timeout                        0x0800526f   Thumb Code    32  thread.o(i.rt_thread_timeout)
    rt_thread_yield                          0x08005291   Thumb Code    86  thread.o(i.rt_thread_yield)
    rt_tick_from_millisecond                 0x080052f1   Thumb Code    50  clock.o(i.rt_tick_from_millisecond)
    rt_tick_get                              0x08005325   Thumb Code     6  clock.o(i.rt_tick_get)
    rt_tick_increase                         0x08005331   Thumb Code    38  clock.o(i.rt_tick_increase)
    rt_timer_check                           0x0800535d   Thumb Code   136  timer.o(i.rt_timer_check)
    rt_timer_control                         0x080053e9   Thumb Code    72  timer.o(i.rt_timer_control)
    rt_timer_detach                          0x08005431   Thumb Code    40  timer.o(i.rt_timer_detach)
    rt_timer_init                            0x08005459   Thumb Code    48  timer.o(i.rt_timer_init)
    rt_timer_start                           0x08005489   Thumb Code   126  timer.o(i.rt_timer_start)
    rt_timer_stop                            0x0800550d   Thumb Code    46  timer.o(i.rt_timer_stop)
    rt_vsnprintf                             0x0800553d   Thumb Code   634  kservice.o(i.rt_vsnprintf)
    rtthread_startup                         0x080057d1   Thumb Code    42  components.o(i.rtthread_startup)
    usMBCRC16                                0x08005859   Thumb Code    40  mbcrc.o(i.usMBCRC16)
    vMBPortSerialEnable                      0x08005955   Thumb Code    44  portserial.o(i.vMBPortSerialEnable)
    vMBPortTimersDisable                     0x08005985   Thumb Code    56  porttimer.o(i.vMBPortTimersDisable)
    vMBPortTimersEnable                      0x080059c1   Thumb Code    38  porttimer.o(i.vMBPortTimersEnable)
    version                                  0x080059ed   Thumb Code    10  cmd.o(i.version)
    xMBASCIIReceiveFSM                       0x080059f9   Thumb Code   222  mbascii.o(i.xMBASCIIReceiveFSM)
    xMBASCIITimerT1SExpired                  0x08005add   Thumb Code    42  mbascii.o(i.xMBASCIITimerT1SExpired)
    xMBASCIITransmitFSM                      0x08005b0d   Thumb Code   168  mbascii.o(i.xMBASCIITransmitFSM)
    xMBPortEventGet                          0x08005bb9   Thumb Code    24  portevent.o(i.xMBPortEventGet)
    xMBPortEventInit                         0x08005bd5   Thumb Code    10  portevent.o(i.xMBPortEventInit)
    xMBPortEventPost                         0x08005be5   Thumb Code    12  portevent.o(i.xMBPortEventPost)
    xMBPortSerialGetByte                     0x08005bf5   Thumb Code    24  portserial.o(i.xMBPortSerialGetByte)
    xMBPortSerialInit                        0x08005c11   Thumb Code     4  portserial.o(i.xMBPortSerialInit)
    xMBPortSerialPutByte                     0x08005c15   Thumb Code    24  portserial.o(i.xMBPortSerialPutByte)
    xMBPortTimersInit                        0x08005c31   Thumb Code     4  porttimer.o(i.xMBPortTimersInit)
    xMBRTUReceiveFSM                         0x08005c35   Thumb Code    96  mbrtu.o(i.xMBRTUReceiveFSM)
    xMBRTUTimerT35Expired                    0x08005c9d   Thumb Code    58  mbrtu.o(i.xMBRTUTimerT35Expired)
    xMBRTUTransmitFSM                        0x08005cdd   Thumb Code    86  mbrtu.o(i.xMBRTUTransmitFSM)
    AHBPrescTable                            0x08005d38   Data          16  system_stm32f1xx.o(.constdata)
    APBPrescTable                            0x08005d48   Data           8  system_stm32f1xx.o(.constdata)
    __lowest_bit_bitmap                      0x08005f50   Data         256  kservice.o(.constdata)
    __fsym_hello_name                        0x080060b8   Data           6  cmd.o(.rodata.name)
    __fsym_hello_desc                        0x080060be   Data          16  cmd.o(.rodata.name)
    __fsym_version_name                      0x080060ce   Data           8  cmd.o(.rodata.name)
    __fsym_version_desc                      0x080060d6   Data          35  cmd.o(.rodata.name)
    __fsym___cmd_version_name                0x080060f9   Data          14  cmd.o(.rodata.name)
    __fsym___cmd_version_desc                0x08006107   Data          35  cmd.o(.rodata.name)
    __fsym_list_thread_name                  0x0800612a   Data          12  cmd.o(.rodata.name)
    __fsym_list_thread_desc                  0x08006136   Data          12  cmd.o(.rodata.name)
    __fsym___cmd_list_thread_name            0x08006142   Data          18  cmd.o(.rodata.name)
    __fsym___cmd_list_thread_desc            0x08006154   Data          12  cmd.o(.rodata.name)
    __fsym_list_sem_name                     0x08006160   Data           9  cmd.o(.rodata.name)
    __fsym_list_sem_desc                     0x08006169   Data          25  cmd.o(.rodata.name)
    __fsym___cmd_list_sem_name               0x08006182   Data          15  cmd.o(.rodata.name)
    __fsym___cmd_list_sem_desc               0x08006191   Data          25  cmd.o(.rodata.name)
    __fsym_list_timer_name                   0x080061aa   Data          11  cmd.o(.rodata.name)
    __fsym_list_timer_desc                   0x080061b5   Data          21  cmd.o(.rodata.name)
    __fsym___cmd_list_timer_name             0x080061ca   Data          17  cmd.o(.rodata.name)
    __fsym___cmd_list_timer_desc             0x080061db   Data          21  cmd.o(.rodata.name)
    __fsym_list_name                         0x080061f0   Data           5  cmd.o(.rodata.name)
    __fsym_list_desc                         0x080061f5   Data          26  cmd.o(.rodata.name)
    __fsym___cmd_help_name                   0x0800620f   Data          11  msh.o(.rodata.name)
    __fsym___cmd_help_desc                   0x0800621a   Data          22  msh.o(.rodata.name)
    __fsym___cmd_ps_name                     0x08006230   Data           9  msh.o(.rodata.name)
    __fsym___cmd_ps_desc                     0x08006239   Data          28  msh.o(.rodata.name)
    __rt_init_rti_start                      0x08006258   Data           4  components.o(.rti_fn.0)
    __rt_init_rti_board_start                0x0800625c   Data           4  components.o(.rti_fn.0.end)
    __rt_init_uart_init                      0x08006260   Data           4  board.o(.rti_fn.1)
    __rt_init_rti_board_end                  0x08006264   Data           4  components.o(.rti_fn.1.end)
    __rt_init_finsh_system_init              0x08006268   Data           4  shell.o(.rti_fn.6)
    __rt_init_rti_end                        0x0800626c   Data           4  components.o(.rti_fn.6.end)
    FSymTab$$Base                            0x08006270   Number         0  cmd.o(FSymTab)
    __fsym_hello                             0x08006270   Data          12  cmd.o(FSymTab)
    __fsym_version                           0x0800627c   Data          12  cmd.o(FSymTab)
    __fsym___cmd_version                     0x08006288   Data          12  cmd.o(FSymTab)
    __fsym_list_thread                       0x08006294   Data          12  cmd.o(FSymTab)
    __fsym___cmd_list_thread                 0x080062a0   Data          12  cmd.o(FSymTab)
    __fsym_list_sem                          0x080062ac   Data          12  cmd.o(FSymTab)
    __fsym___cmd_list_sem                    0x080062b8   Data          12  cmd.o(FSymTab)
    __fsym_list_timer                        0x080062c4   Data          12  cmd.o(FSymTab)
    __fsym___cmd_list_timer                  0x080062d0   Data          12  cmd.o(FSymTab)
    __fsym_list                              0x080062dc   Data          12  cmd.o(FSymTab)
    __fsym___cmd_help                        0x080062e8   Data          12  msh.o(FSymTab)
    __fsym___cmd_ps                          0x080062f4   Data          12  msh.o(FSymTab)
    FSymTab$$Limit                           0x08006300   Number         0  msh.o(FSymTab)
    Region$$Table$$Base                      0x08006300   Number         0  anon$$obj.o(Region$$Table)
    Region$$Table$$Limit                     0x08006320   Number         0  anon$$obj.o(Region$$Table)
    uwTickFreq                               0x20000000   Data           1  stm32f1xx_hal.o(.data)
    uwTickPrio                               0x20000004   Data           4  stm32f1xx_hal.o(.data)
    uwTick                                   0x20000008   Data           4  stm32f1xx_hal.o(.data)
    SystemCoreClock                          0x2000000c   Data           4  system_stm32f1xx.o(.data)
    pxMBFrameCBByteReceived                  0x20000030   Data           4  mb.o(.data)
    pxMBFrameCBTransmitterEmpty              0x20000034   Data           4  mb.o(.data)
    pxMBPortCBTimerExpired                   0x20000038   Data           4  mb.o(.data)
    c1                                       0x200000e4   Data           4  demo.o(.data)
    c2                                       0x200000e8   Data           4  demo.o(.data)
    t1                                       0x200000ec   Data           4  demo.o(.data)
    t2                                       0x200000f0   Data           4  demo.o(.data)
    CT_data                                  0x200000f4   Data           8  demo.o(.data)
    rt_interrupt_nest                        0x20000100   Data           1  irq.o(.data)
    rt_current_priority                      0x20000134   Data           1  scheduler.o(.data)
    rt_current_thread                        0x20000138   Data           4  scheduler.o(.data)
    rt_thread_ready_priority_group           0x2000013c   Data           4  scheduler.o(.data)
    rt_thread_defunct                        0x20000140   Data           8  scheduler.o(.data)
    rt_interrupt_from_thread                 0x20000158   Data           4  cpuport.o(.data)
    rt_interrupt_to_thread                   0x2000015c   Data           4  cpuport.o(.data)
    rt_thread_switch_interrupt_flag          0x20000160   Data           4  cpuport.o(.data)
    _syscall_table_begin                     0x20000164   Data           4  shell.o(.data)
    _syscall_table_end                       0x20000168   Data           4  shell.o(.data)
    _sysvar_table_begin                      0x2000016c   Data           4  shell.o(.data)
    _sysvar_table_end                        0x20000170   Data           4  shell.o(.data)
    shell                                    0x20000178   Data           4  shell.o(.data)
    led1_thread                              0x2000017c   Data         120  app_rt_thread.o(.bss)
    rt_led1_thread_stack                     0x200001f4   Data         128  app_rt_thread.o(.bss)
    hi2c1                                    0x20000274   Data          84  i2c.o(.bss)
    hdma_i2c1_rx                             0x200002c8   Data          68  i2c.o(.bss)
    hdma_i2c1_tx                             0x2000030c   Data          68  i2c.o(.bss)
    htim3                                    0x20000350   Data          72  tim.o(.bss)
    huart1                                   0x20000398   Data          68  usart.o(.bss)
    ucRTUBuf                                 0x200003fc   Data         256  mbrtu.o(.bss)
    InputBuff                                0x200004fc   Data          10  demo.o(.bss)
    main_thread                              0x20000908   Data         120  components.o(.bss)
    rt_thread_priority_table                 0x20000af8   Data         256  scheduler.o(.bss)
    _shell                                   0x20001138   Data         120  shell.o(.bss)
    __initial_sp                             0x200015b0   Data           0  startup_stm32f103xb.o(STACK)



==============================================================================

Memory Map of the image

  Image Entry point : 0x080000ed

  Load Region LR_IROM1 (Base: 0x08000000, Size: 0x0000649c, Max: 0x00010000, ABSOLUTE, COMPRESSED[0x00006388])

    Execution Region ER_IROM1 (Exec base: 0x08000000, Load base: 0x08000000, Size: 0x00006320, Max: 0x00010000, ABSOLUTE)

    Exec Addr    Load Addr    Size         Type   Attr      Idx    E Section Name        Object

    0x08000000   0x08000000   0x000000ec   Data   RO            3    RESET               startup_stm32f103xb.o
    0x080000ec   0x080000ec   0x00000000   Code   RO         5319  * .ARM.Collect$$$$00000000  mc_w.l(entry.o)
    0x080000ec   0x080000ec   0x00000004   Code   RO         5342    .ARM.Collect$$$$00000001  mc_w.l(entry2.o)
    0x080000f0   0x080000f0   0x00000004   Code   RO         5345    .ARM.Collect$$$$00000004  mc_w.l(entry5.o)
    0x080000f4   0x080000f4   0x00000000   Code   RO         5347    .ARM.Collect$$$$00000008  mc_w.l(entry7b.o)
    0x080000f4   0x080000f4   0x00000000   Code   RO         5349    .ARM.Collect$$$$0000000A  mc_w.l(entry8b.o)
    0x080000f4   0x080000f4   0x00000008   Code   RO         5350    .ARM.Collect$$$$0000000B  mc_w.l(entry9a.o)
    0x080000fc   0x080000fc   0x00000004   Code   RO         5357    .ARM.Collect$$$$0000000E  mc_w.l(entry12b.o)
    0x08000100   0x08000100   0x00000000   Code   RO         5352    .ARM.Collect$$$$0000000F  mc_w.l(entry10a.o)
    0x08000100   0x08000100   0x00000000   Code   RO         5354    .ARM.Collect$$$$00000011  mc_w.l(entry11a.o)
    0x08000100   0x08000100   0x00000004   Code   RO         5343    .ARM.Collect$$$$00002712  mc_w.l(entry2.o)
    0x08000104   0x08000104   0x00000024   Code   RO            4    .text               startup_stm32f103xb.o
    0x08000128   0x08000128   0x000000f4   Code   RO         4213    .text               context_rvds.o
    0x0800021c   0x0800021c   0x00000024   Code   RO         5326    .text               mc_w.l(memcpya.o)
    0x08000240   0x08000240   0x00000024   Code   RO         5328    .text               mc_w.l(memseta.o)
    0x08000264   0x08000264   0x00000018   Code   RO         5330    .text               mc_w.l(strcat.o)
    0x0800027c   0x0800027c   0x00000018   Code   RO         5332    .text               mc_w.l(strncpy.o)
    0x08000294   0x08000294   0x0000000e   Code   RO         5334    .text               mc_w.l(strlen.o)
    0x080002a2   0x080002a2   0x00000012   Code   RO         5336    .text               mc_w.l(strcpy.o)
    0x080002b4   0x080002b4   0x0000001e   Code   RO         5338    .text               mc_w.l(strncmp.o)
    0x080002d2   0x080002d2   0x00000002   PAD
    0x080002d4   0x080002d4   0x00000024   Code   RO         5358    .text               mc_w.l(init.o)
    0x080002f8   0x080002f8   0x00000056   Code   RO         5368    .text               mc_w.l(__dczerorl2.o)
    0x0800034e   0x0800034e   0x0000000a   Code   RO         4258    i.$Sub$$main        components.o
    0x08000358   0x08000358   0x00000076   Code   RO         3349    i.AHT20_Init        aht20-21_demo_v1_3.o
    0x080003ce   0x080003ce   0x00000002   PAD
    0x080003d0   0x080003d0   0x00000060   Code   RO         3350    i.AHT20_RD_Byte     aht20-21_demo_v1_3.o
    0x08000430   0x08000430   0x00000124   Code   RO         3352    i.AHT20_Read_CTdata_crc  aht20-21_demo_v1_3.o
    0x08000554   0x08000554   0x00000022   Code   RO         3354    i.AHT20_Read_Status  aht20-21_demo_v1_3.o
    0x08000576   0x08000576   0x00000036   Code   RO         3355    i.AHT20_SendAC      aht20-21_demo_v1_3.o
    0x080005ac   0x080005ac   0x0000004a   Code   RO         3357    i.AHT20_WR_Byte     aht20-21_demo_v1_3.o
    0x080005f6   0x080005f6   0x00000002   Code   RO          426    i.BusFault_Handler  stm32f1xx_it.o
    0x080005f8   0x080005f8   0x00000032   Code   RO         3358    i.Calc_CRC8         aht20-21_demo_v1_3.o
    0x0800062a   0x0800062a   0x00000002   PAD
    0x0800062c   0x0800062c   0x0000000c   Code   RO          427    i.DMA1_Channel6_IRQHandler  stm32f1xx_it.o
    0x08000638   0x08000638   0x0000000c   Code   RO          428    i.DMA1_Channel7_IRQHandler  stm32f1xx_it.o
    0x08000644   0x08000644   0x00000002   Code   RO          429    i.DebugMon_Handler  stm32f1xx_it.o
    0x08000646   0x08000646   0x00000016   Code   RO         3359    i.Delay_1ms         aht20-21_demo_v1_3.o
    0x0800065c   0x0800065c   0x0000001e   Code   RO         3360    i.Delay_4us         aht20-21_demo_v1_3.o
    0x0800067a   0x0800067a   0x00000024   Code   RO         3361    i.Delay_5us         aht20-21_demo_v1_3.o
    0x0800069e   0x0800069e   0x00000006   Code   RO         3362    i.Delay_N10us       aht20-21_demo_v1_3.o
    0x080006a4   0x080006a4   0x00000004   Code   RO          198    i.Error_Handler     main.o
    0x080006a8   0x080006a8   0x00000046   Code   RO         1385    i.HAL_DMA_Abort     stm32f1xx_hal_dma.o
    0x080006ee   0x080006ee   0x00000002   PAD
    0x080006f0   0x080006f0   0x00000098   Code   RO         1386    i.HAL_DMA_Abort_IT  stm32f1xx_hal_dma.o
    0x08000788   0x08000788   0x00000006   Code   RO         1389    i.HAL_DMA_GetState  stm32f1xx_hal_dma.o
    0x0800078e   0x0800078e   0x00000002   PAD
    0x08000790   0x08000790   0x00000154   Code   RO         1390    i.HAL_DMA_IRQHandler  stm32f1xx_hal_dma.o
    0x080008e4   0x080008e4   0x0000005c   Code   RO         1391    i.HAL_DMA_Init      stm32f1xx_hal_dma.o
    0x08000940   0x08000940   0x000001e0   Code   RO         1321    i.HAL_GPIO_Init     stm32f1xx_hal_gpio.o
    0x08000b20   0x08000b20   0x0000000a   Code   RO         1323    i.HAL_GPIO_ReadPin  stm32f1xx_hal_gpio.o
    0x08000b2a   0x08000b2a   0x0000000a   Code   RO         1325    i.HAL_GPIO_WritePin  stm32f1xx_hal_gpio.o
    0x08000b34   0x08000b34   0x0000000c   Code   RO         1017    i.HAL_GetTick       stm32f1xx_hal.o
    0x08000b40   0x08000b40   0x00000002   Code   RO          574    i.HAL_I2C_AbortCpltCallback  stm32f1xx_hal_i2c.o
    0x08000b42   0x08000b42   0x00000002   Code   RO          575    i.HAL_I2C_AddrCallback  stm32f1xx_hal_i2c.o
    0x08000b44   0x08000b44   0x00000230   Code   RO          579    i.HAL_I2C_EV_IRQHandler  stm32f1xx_hal_i2c.o
    0x08000d74   0x08000d74   0x00000002   Code   RO          581    i.HAL_I2C_ErrorCallback  stm32f1xx_hal_i2c.o
    0x08000d76   0x08000d76   0x00000002   PAD
    0x08000d78   0x08000d78   0x00000188   Code   RO          585    i.HAL_I2C_Init      stm32f1xx_hal_i2c.o
    0x08000f00   0x08000f00   0x00000002   Code   RO          587    i.HAL_I2C_ListenCpltCallback  stm32f1xx_hal_i2c.o
    0x08000f02   0x08000f02   0x00000002   Code   RO          588    i.HAL_I2C_MasterRxCpltCallback  stm32f1xx_hal_i2c.o
    0x08000f04   0x08000f04   0x00000002   Code   RO          589    i.HAL_I2C_MasterTxCpltCallback  stm32f1xx_hal_i2c.o
    0x08000f06   0x08000f06   0x00000002   Code   RO          601    i.HAL_I2C_MemRxCpltCallback  stm32f1xx_hal_i2c.o
    0x08000f08   0x08000f08   0x00000002   Code   RO          602    i.HAL_I2C_MemTxCpltCallback  stm32f1xx_hal_i2c.o
    0x08000f0a   0x08000f0a   0x00000002   PAD
    0x08000f0c   0x08000f0c   0x000000c8   Code   RO          301    i.HAL_I2C_MspInit   i2c.o
    0x08000fd4   0x08000fd4   0x00000002   Code   RO          611    i.HAL_I2C_SlaveRxCpltCallback  stm32f1xx_hal_i2c.o
    0x08000fd6   0x08000fd6   0x00000002   Code   RO          612    i.HAL_I2C_SlaveTxCpltCallback  stm32f1xx_hal_i2c.o
    0x08000fd8   0x08000fd8   0x00000024   Code   RO         1024    i.HAL_Init          stm32f1xx_hal.o
    0x08000ffc   0x08000ffc   0x00000040   Code   RO         1025    i.HAL_InitTick      stm32f1xx_hal.o
    0x0800103c   0x0800103c   0x0000003c   Code   RO          514    i.HAL_MspInit       stm32f1xx_hal_msp.o
    0x08001078   0x08001078   0x0000001a   Code   RO         1479    i.HAL_NVIC_ClearPendingIRQ  stm32f1xx_hal_cortex.o
    0x08001092   0x08001092   0x0000001a   Code   RO         1481    i.HAL_NVIC_EnableIRQ  stm32f1xx_hal_cortex.o
    0x080010ac   0x080010ac   0x00000040   Code   RO         1487    i.HAL_NVIC_SetPriority  stm32f1xx_hal_cortex.o
    0x080010ec   0x080010ec   0x00000024   Code   RO         1488    i.HAL_NVIC_SetPriorityGrouping  stm32f1xx_hal_cortex.o
    0x08001110   0x08001110   0x0000012c   Code   RO         1181    i.HAL_RCC_ClockConfig  stm32f1xx_hal_rcc.o
    0x0800123c   0x0800123c   0x0000000c   Code   RO         1186    i.HAL_RCC_GetHCLKFreq  stm32f1xx_hal_rcc.o
    0x08001248   0x08001248   0x00000020   Code   RO         1188    i.HAL_RCC_GetPCLK1Freq  stm32f1xx_hal_rcc.o
    0x08001268   0x08001268   0x00000020   Code   RO         1189    i.HAL_RCC_GetPCLK2Freq  stm32f1xx_hal_rcc.o
    0x08001288   0x08001288   0x0000006c   Code   RO         1190    i.HAL_RCC_GetSysClockFreq  stm32f1xx_hal_rcc.o
    0x080012f4   0x080012f4   0x00000320   Code   RO         1193    i.HAL_RCC_OscConfig  stm32f1xx_hal_rcc.o
    0x08001614   0x08001614   0x00000028   Code   RO         1492    i.HAL_SYSTICK_Config  stm32f1xx_hal_cortex.o
    0x0800163c   0x0800163c   0x00000002   Code   RO         2687    i.HAL_TIMEx_BreakCallback  stm32f1xx_hal_tim_ex.o
    0x0800163e   0x0800163e   0x00000002   Code   RO         2688    i.HAL_TIMEx_CommutCallback  stm32f1xx_hal_tim_ex.o
    0x08001640   0x08001640   0x00000068   Code   RO         2706    i.HAL_TIMEx_MasterConfigSynchronization  stm32f1xx_hal_tim_ex.o
    0x080016a8   0x080016a8   0x0000005a   Code   RO         1983    i.HAL_TIM_Base_Init  stm32f1xx_hal_tim.o
    0x08001702   0x08001702   0x00000002   PAD
    0x08001704   0x08001704   0x0000003c   Code   RO          343    i.HAL_TIM_Base_MspInit  tim.o
    0x08001740   0x08001740   0x000000d6   Code   RO         1992    i.HAL_TIM_ConfigClockSource  stm32f1xx_hal_tim.o
    0x08001816   0x08001816   0x00000002   Code   RO         2017    i.HAL_TIM_IC_CaptureCallback  stm32f1xx_hal_tim.o
    0x08001818   0x08001818   0x00000166   Code   RO         2031    i.HAL_TIM_IRQHandler  stm32f1xx_hal_tim.o
    0x0800197e   0x0800197e   0x00000002   Code   RO         2034    i.HAL_TIM_OC_DelayElapsedCallback  stm32f1xx_hal_tim.o
    0x08001980   0x08001980   0x00000002   Code   RO         2061    i.HAL_TIM_PWM_PulseFinishedCallback  stm32f1xx_hal_tim.o
    0x08001982   0x08001982   0x00000004   Code   RO          430    i.HAL_TIM_PeriodElapsedCallback  stm32f1xx_it.o
    0x08001986   0x08001986   0x00000002   Code   RO         2074    i.HAL_TIM_TriggerCallback  stm32f1xx_hal_tim.o
    0x08001988   0x08001988   0x00000002   Code   RO         2965    i.HAL_UARTEx_RxEventCallback  stm32f1xx_hal_uart.o
    0x0800198a   0x0800198a   0x00000002   Code   RO         2979    i.HAL_UART_ErrorCallback  stm32f1xx_hal_uart.o
    0x0800198c   0x0800198c   0x0000020c   Code   RO         2982    i.HAL_UART_IRQHandler  stm32f1xx_hal_uart.o
    0x08001b98   0x08001b98   0x00000062   Code   RO         2983    i.HAL_UART_Init     stm32f1xx_hal_uart.o
    0x08001bfa   0x08001bfa   0x00000002   PAD
    0x08001bfc   0x08001bfc   0x00000080   Code   RO          385    i.HAL_UART_MspInit  usart.o
    0x08001c7c   0x08001c7c   0x000000c0   Code   RO         2986    i.HAL_UART_Receive  stm32f1xx_hal_uart.o
    0x08001d3c   0x08001d3c   0x00000002   Code   RO         2989    i.HAL_UART_RxCpltCallback  stm32f1xx_hal_uart.o
    0x08001d3e   0x08001d3e   0x00000002   PAD
    0x08001d40   0x08001d40   0x000000b2   Code   RO         2991    i.HAL_UART_Transmit  stm32f1xx_hal_uart.o
    0x08001df2   0x08001df2   0x00000002   Code   RO         2994    i.HAL_UART_TxCpltCallback  stm32f1xx_hal_uart.o
    0x08001df4   0x08001df4   0x0000000c   Code   RO          431    i.I2C1_EV_IRQHandler  stm32f1xx_it.o
    0x08001e00   0x08001e00   0x000000bc   Code   RO          623    i.I2C_DMAAbort      stm32f1xx_hal_i2c.o
    0x08001ebc   0x08001ebc   0x00000158   Code   RO          626    i.I2C_ITError       stm32f1xx_hal_i2c.o
    0x08002014   0x08002014   0x000000d2   Code   RO          628    i.I2C_MasterReceive_BTF  stm32f1xx_hal_i2c.o
    0x080020e6   0x080020e6   0x00000002   PAD
    0x080020e8   0x080020e8   0x000000e8   Code   RO          629    i.I2C_MasterReceive_RXNE  stm32f1xx_hal_i2c.o
    0x080021d0   0x080021d0   0x00000082   Code   RO          632    i.I2C_MasterTransmit_BTF  stm32f1xx_hal_i2c.o
    0x08002252   0x08002252   0x00000002   PAD
    0x08002254   0x08002254   0x000000b6   Code   RO          633    i.I2C_MasterTransmit_TXE  stm32f1xx_hal_i2c.o
    0x0800230a   0x0800230a   0x00000002   PAD
    0x0800230c   0x0800230c   0x00000158   Code   RO          634    i.I2C_Master_ADDR   stm32f1xx_hal_i2c.o
    0x08002464   0x08002464   0x0000008c   Code   RO          635    i.I2C_Master_SB     stm32f1xx_hal_i2c.o
    0x080024f0   0x080024f0   0x000000a0   Code   RO          636    i.I2C_MemoryTransmit_TXE_BTF  stm32f1xx_hal_i2c.o
    0x08002590   0x08002590   0x00000046   Code   RO          639    i.I2C_Slave_ADDR    stm32f1xx_hal_i2c.o
    0x080025d6   0x080025d6   0x00000002   PAD
    0x080025d8   0x080025d8   0x0000015c   Code   RO          641    i.I2C_Slave_STOPF   stm32f1xx_hal_i2c.o
    0x08002734   0x08002734   0x0000002e   Code   RO         3363    i.I2C_Start         aht20-21_demo_v1_3.o
    0x08002762   0x08002762   0x00000002   PAD
    0x08002764   0x08002764   0x00000048   Code   RO         3364    i.Init_I2C_Sensor_Port  aht20-21_demo_v1_3.o
    0x080027ac   0x080027ac   0x0000003c   Code   RO          276    i.MX_DMA_Init       dma.o
    0x080027e8   0x080027e8   0x00000070   Code   RO          252    i.MX_GPIO_Init      gpio.o
    0x08002858   0x08002858   0x00000040   Code   RO          302    i.MX_I2C1_Init      i2c.o
    0x08002898   0x08002898   0x00000038   Code   RO           13    i.MX_RT_Thread_Init  app_rt_thread.o
    0x080028d0   0x080028d0   0x00000068   Code   RO          344    i.MX_TIM3_Init      tim.o
    0x08002938   0x08002938   0x00000038   Code   RO          386    i.MX_USART1_UART_Init  usart.o
    0x08002970   0x08002970   0x00000002   Code   RO          432    i.MemManage_Handler  stm32f1xx_it.o
    0x08002972   0x08002972   0x00000002   Code   RO          433    i.NMI_Handler       stm32f1xx_it.o
    0x08002974   0x08002974   0x0000004c   Code   RO         3366    i.Receive_ACK       aht20-21_demo_v1_3.o
    0x080029c0   0x080029c0   0x00000010   Code   RO         3367    i.SCL_Pin_Output_High  aht20-21_demo_v1_3.o
    0x080029d0   0x080029d0   0x00000010   Code   RO         3368    i.SCL_Pin_Output_Low  aht20-21_demo_v1_3.o
    0x080029e0   0x080029e0   0x0000001c   Code   RO         3369    i.SDA_Pin_IN_FLOATING  aht20-21_demo_v1_3.o
    0x080029fc   0x080029fc   0x00000028   Code   RO         3370    i.SDA_Pin_Output_High  aht20-21_demo_v1_3.o
    0x08002a24   0x08002a24   0x00000028   Code   RO         3371    i.SDA_Pin_Output_Low  aht20-21_demo_v1_3.o
    0x08002a4c   0x08002a4c   0x00000038   Code   RO         3372    i.Send_ACK          aht20-21_demo_v1_3.o
    0x08002a84   0x08002a84   0x00000038   Code   RO         3373    i.Send_NOT_ACK      aht20-21_demo_v1_3.o
    0x08002abc   0x08002abc   0x00000014   Code   RO         3374    i.SensorDelay_us    aht20-21_demo_v1_3.o
    0x08002ad0   0x08002ad0   0x00000024   Code   RO         3375    i.Stop_I2C          aht20-21_demo_v1_3.o
    0x08002af4   0x08002af4   0x00000012   Code   RO         5016    i.SysTick_Handler   board.o
    0x08002b06   0x08002b06   0x0000005e   Code   RO          199    i.SystemClock_Config  main.o
    0x08002b64   0x08002b64   0x00000068   Code   RO         3311    i.SystemCoreClockUpdate  system_stm32f1xx.o
    0x08002bcc   0x08002bcc   0x00000002   Code   RO         3312    i.SystemInit        system_stm32f1xx.o
    0x08002bce   0x08002bce   0x00000002   PAD
    0x08002bd0   0x08002bd0   0x0000000c   Code   RO          434    i.TIM3_IRQHandler   stm32f1xx_it.o
    0x08002bdc   0x08002bdc   0x0000006c   Code   RO         2076    i.TIM_Base_SetConfig  stm32f1xx_hal_tim.o
    0x08002c48   0x08002c48   0x00000014   Code   RO         2087    i.TIM_ETR_SetConfig  stm32f1xx_hal_tim.o
    0x08002c5c   0x08002c5c   0x00000010   Code   RO         2088    i.TIM_ITRx_SetConfig  stm32f1xx_hal_tim.o
    0x08002c6c   0x08002c6c   0x00000022   Code   RO         2094    i.TIM_TI1_ConfigInputStage  stm32f1xx_hal_tim.o
    0x08002c8e   0x08002c8e   0x00000024   Code   RO         2096    i.TIM_TI2_ConfigInputStage  stm32f1xx_hal_tim.o
    0x08002cb2   0x08002cb2   0x00000010   Code   RO         2996    i.UART_DMAAbortOnError  stm32f1xx_hal_uart.o
    0x08002cc2   0x08002cc2   0x00000030   Code   RO         3006    i.UART_EndRxTransfer  stm32f1xx_hal_uart.o
    0x08002cf2   0x08002cf2   0x000000b6   Code   RO         3008    i.UART_Receive_IT   stm32f1xx_hal_uart.o
    0x08002da8   0x08002da8   0x000000b8   Code   RO         3009    i.UART_SetConfig    stm32f1xx_hal_uart.o
    0x08002e60   0x08002e60   0x00000064   Code   RO         3012    i.UART_WaitOnFlagUntilTimeout  stm32f1xx_hal_uart.o
    0x08002ec4   0x08002ec4   0x00000038   Code   RO          435    i.USART1_IRQHandler  stm32f1xx_it.o
    0x08002efc   0x08002efc   0x00000002   Code   RO          436    i.UsageFault_Handler  stm32f1xx_it.o
    0x08002efe   0x08002efe   0x00000020   Code   RO         1494    i.__NVIC_SetPriority  stm32f1xx_hal_cortex.o
    0x08002f1e   0x08002f1e   0x00000002   PAD
    0x08002f20   0x08002f20   0x00000044   Code   RO         4446    i.__rt_ffs          kservice.o
    0x08002f64   0x08002f64   0x0000000e   Code   RO         5362    i.__scatterload_copy  mc_w.l(handlers.o)
    0x08002f72   0x08002f72   0x00000002   Code   RO         5363    i.__scatterload_null  mc_w.l(handlers.o)
    0x08002f74   0x08002f74   0x0000000e   Code   RO         5364    i.__scatterload_zeroinit  mc_w.l(handlers.o)
    0x08002f82   0x08002f82   0x00000002   PAD
    0x08002f84   0x08002f84   0x0000009c   Code   RO         5176    i._msh_exec_cmd     msh.o
    0x08003020   0x08003020   0x00000080   Code   RO         4753    i._rt_thread_init   thread.o
    0x080030a0   0x080030a0   0x00000006   Code   RO         4871    i._rt_timer_remove  timer.o
    0x080030a6   0x080030a6   0x0000001c   Code   RO         4754    i._thread_cleanup_execute  thread.o
    0x080030c2   0x080030c2   0x00000002   PAD
    0x080030c4   0x080030c4   0x000000e8   Code   RO         4951    i.bus_fault_track   cpuport.o
    0x080031ac   0x080031ac   0x0000000a   Code   RO         5177    i.cmd_ps            msh.o
    0x080031b6   0x080031b6   0x00000002   PAD
    0x080031b8   0x080031b8   0x0000003c   Code   RO         3613    i.eMBASCIIInit      mbascii.o
    0x080031f4   0x080031f4   0x00000054   Code   RO         3614    i.eMBASCIIReceive   mbascii.o
    0x08003248   0x08003248   0x00000054   Code   RO         3615    i.eMBASCIISend      mbascii.o
    0x0800329c   0x0800329c   0x00000024   Code   RO         3616    i.eMBASCIIStart     mbascii.o
    0x080032c0   0x080032c0   0x0000001c   Code   RO         3617    i.eMBASCIIStop      mbascii.o
    0x080032dc   0x080032dc   0x00000020   Code   RO         3523    i.eMBEnable         mb.o
    0x080032fc   0x080032fc   0x00000072   Code   RO         3698    i.eMBFuncReadCoils  mbfunccoils.o
    0x0800336e   0x0800336e   0x00000072   Code   RO         3737    i.eMBFuncReadDiscreteInputs  mbfuncdisc.o
    0x080033e0   0x080033e0   0x0000005e   Code   RO         3761    i.eMBFuncReadHoldingRegister  mbfuncholding.o
    0x0800343e   0x0800343e   0x00000062   Code   RO         3803    i.eMBFuncReadInputRegister  mbfuncinput.o
    0x080034a0   0x080034a0   0x0000009c   Code   RO         3762    i.eMBFuncReadWriteMultipleHoldingRegister  mbfuncholding.o
    0x0800353c   0x0800353c   0x00000024   Code   RO         3827    i.eMBFuncReportSlaveID  mbfuncother.o
    0x08003560   0x08003560   0x00000056   Code   RO         3699    i.eMBFuncWriteCoil  mbfunccoils.o
    0x080035b6   0x080035b6   0x00000032   Code   RO         3763    i.eMBFuncWriteHoldingRegister  mbfuncholding.o
    0x080035e8   0x080035e8   0x00000064   Code   RO         3700    i.eMBFuncWriteMultipleCoils  mbfunccoils.o
    0x0800364c   0x0800364c   0x0000004e   Code   RO         3764    i.eMBFuncWriteMultipleHoldingRegister  mbfuncholding.o
    0x0800369a   0x0800369a   0x00000002   PAD
    0x0800369c   0x0800369c   0x000000c8   Code   RO         3524    i.eMBInit           mb.o
    0x08003764   0x08003764   0x000000b4   Code   RO         3525    i.eMBPoll           mb.o
    0x08003818   0x08003818   0x00000048   Code   RO         3928    i.eMBRTUInit        mbrtu.o
    0x08003860   0x08003860   0x0000005c   Code   RO         3929    i.eMBRTUReceive     mbrtu.o
    0x080038bc   0x080038bc   0x00000064   Code   RO         3930    i.eMBRTUSend        mbrtu.o
    0x08003920   0x08003920   0x00000024   Code   RO         3931    i.eMBRTUStart       mbrtu.o
    0x08003944   0x08003944   0x0000001c   Code   RO         3932    i.eMBRTUStop        mbrtu.o
    0x08003960   0x08003960   0x00000004   Code   RO         4169    i.eMBRegCoilsCB     demo.o
    0x08003964   0x08003964   0x00000004   Code   RO         4170    i.eMBRegDiscreteCB  demo.o
    0x08003968   0x08003968   0x00000004   Code   RO         4171    i.eMBRegHoldingCB   demo.o
    0x0800396c   0x0800396c   0x000000b4   Code   RO         4172    i.eMBRegInputCB     demo.o
    0x08003a20   0x08003a20   0x00000060   Code   RO         5240    i.finsh_get_prompt  shell.o
    0x08003a80   0x08003a80   0x00000014   Code   RO         5243    i.finsh_set_prompt_mode  shell.o
    0x08003a94   0x08003a94   0x0000000c   Code   RO         5244    i.finsh_system_function_init  shell.o
    0x08003aa0   0x08003aa0   0x00000078   Code   RO         5245    i.finsh_system_init  shell.o
    0x08003b18   0x08003b18   0x0000028c   Code   RO         5247    i.finsh_thread_entry  shell.o
    0x08003da4   0x08003da4   0x00000078   Code   RO         4952    i.hard_fault_track  cpuport.o
    0x08003e1c   0x08003e1c   0x00000020   Code   RO         5064    i.hello             cmd.o
    0x08003e3c   0x08003e3c   0x00000030   Code   RO           15    i.led1_task_entry   app_rt_thread.o
    0x08003e6c   0x08003e6c   0x00000064   Code   RO         5065    i.list              cmd.o
    0x08003ed0   0x08003ed0   0x00000024   Code   RO         5066    i.list_find_init    cmd.o
    0x08003ef4   0x08003ef4   0x00000066   Code   RO         5067    i.list_get_next     cmd.o
    0x08003f5a   0x08003f5a   0x00000002   PAD
    0x08003f5c   0x08003f5c   0x00000140   Code   RO         5068    i.list_sem          cmd.o
    0x0800409c   0x0800409c   0x000001b8   Code   RO         5069    i.list_thread       cmd.o
    0x08004254   0x08004254   0x00000140   Code   RO         5070    i.list_timer        cmd.o
    0x08004394   0x08004394   0x00000042   Code   RO          200    i.main              main.o
    0x080043d6   0x080043d6   0x0000000e   Code   RO         4259    i.main_thread_entry  components.o
    0x080043e4   0x080043e4   0x000000d8   Code   RO         4953    i.mem_manage_fault_track  cpuport.o
    0x080044bc   0x080044bc   0x000000ac   Code   RO         5178    i.msh_auto_complete  msh.o
    0x08004568   0x08004568   0x00000064   Code   RO         5179    i.msh_exec          msh.o
    0x080045cc   0x080045cc   0x00000078   Code   RO         5180    i.msh_help          msh.o
    0x08004644   0x08004644   0x00000004   Code   RO         5181    i.msh_is_used       msh.o
    0x08004648   0x08004648   0x000000d0   Code   RO         5182    i.msh_split         msh.o
    0x08004718   0x08004718   0x00000018   Code   RO         5071    i.object_split      cmd.o
    0x08004730   0x08004730   0x00000130   Code   RO         4448    i.print_number      kservice.o
    0x08004860   0x08004860   0x00000018   Code   RO         3860    i.prveMBError2Exception  mbutils.o
    0x08004878   0x08004878   0x0000001c   Code   RO         3618    i.prvucMBBIN2CHAR   mbascii.o
    0x08004894   0x08004894   0x00000018   Code   RO         3619    i.prvucMBLRC        mbascii.o
    0x080048ac   0x080048ac   0x0000000c   Code   RO         4127    i.prvvTIMERExpiredISR  porttimer.o
    0x080048b8   0x080048b8   0x0000000c   Code   RO         4063    i.prvvUARTRxISR     portserial.o
    0x080048c4   0x080048c4   0x0000000c   Code   RO         4064    i.prvvUARTTxReadyISR  portserial.o
    0x080048d0   0x080048d0   0x0000003c   Code   RO         4260    i.rt_application_init  components.o
    0x0800490c   0x0800490c   0x0000001c   Code   RO         4261    i.rt_components_board_init  components.o
    0x08004928   0x08004928   0x0000001c   Code   RO         4262    i.rt_components_init  components.o
    0x08004944   0x08004944   0x0000001c   Code   RO         4686    i.rt_enter_critical  scheduler.o
    0x08004960   0x08004960   0x00000038   Code   RO         4687    i.rt_exit_critical  scheduler.o
    0x08004998   0x08004998   0x00000026   Code   RO         5017    i.rt_hw_board_init  board.o
    0x080049be   0x080049be   0x00000002   PAD
    0x080049c0   0x080049c0   0x00000028   Code   RO         5018    i.rt_hw_console_getchar  board.o
    0x080049e8   0x080049e8   0x00000048   Code   RO         5019    i.rt_hw_console_output  board.o
    0x08004a30   0x08004a30   0x000001fc   Code   RO         4957    i.rt_hw_hard_fault_exception  cpuport.o
    0x08004c2c   0x08004c2c   0x00000038   Code   RO         4958    i.rt_hw_stack_init  cpuport.o
    0x08004c64   0x08004c64   0x0000001c   Code   RO         4419    i.rt_interrupt_enter  irq.o
    0x08004c80   0x08004c80   0x0000001c   Code   RO         4421    i.rt_interrupt_leave  irq.o
    0x08004c9c   0x08004c9c   0x00000020   Code   RO         4451    i.rt_kprintf        kservice.o
    0x08004cbc   0x08004cbc   0x0000000e   Code   RO         4755    i.rt_list_insert_after  thread.o
    0x08004cca   0x08004cca   0x0000000e   Code   RO         4872    i.rt_list_insert_after  timer.o
    0x08004cd8   0x08004cd8   0x00000012   Code   RO         5072    i.rt_list_len       cmd.o
    0x08004cea   0x08004cea   0x00000012   Code   RO         4756    i.rt_list_remove    thread.o
    0x08004cfc   0x08004cfc   0x00000012   Code   RO         4873    i.rt_list_remove    timer.o
    0x08004d0e   0x08004d0e   0x00000002   PAD
    0x08004d10   0x08004d10   0x00000032   Code   RO         4455    i.rt_memmove        kservice.o
    0x08004d42   0x08004d42   0x00000002   PAD
    0x08004d44   0x08004d44   0x00000046   Code   RO         4456    i.rt_memset         kservice.o
    0x08004d8a   0x08004d8a   0x00000024   Code   RO         4620    i.rt_object_detach  object.o
    0x08004dae   0x08004dae   0x00000002   PAD
    0x08004db0   0x08004db0   0x00000024   Code   RO         4622    i.rt_object_get_information  object.o
    0x08004dd4   0x08004dd4   0x00000052   Code   RO         4626    i.rt_object_init    object.o
    0x08004e26   0x08004e26   0x0000000e   Code   RO         4627    i.rt_object_is_systemobject  object.o
    0x08004e34   0x08004e34   0x00000058   Code   RO         4688    i.rt_schedule       scheduler.o
    0x08004e8c   0x08004e8c   0x00000050   Code   RO         4689    i.rt_schedule_insert_thread  scheduler.o
    0x08004edc   0x08004edc   0x00000048   Code   RO         4690    i.rt_schedule_remove_thread  scheduler.o
    0x08004f24   0x08004f24   0x00000024   Code   RO         4368    i.rt_sem_init       ipc.o
    0x08004f48   0x08004f48   0x000000b0   Code   RO         4458    i.rt_show_version   kservice.o
    0x08004ff8   0x08004ff8   0x00000010   Code   RO         4463    i.rt_strlen         kservice.o
    0x08005008   0x08005008   0x00000026   Code   RO         4465    i.rt_strncpy        kservice.o
    0x0800502e   0x0800502e   0x00000002   PAD
    0x08005030   0x08005030   0x00000034   Code   RO         4691    i.rt_system_scheduler_init  scheduler.o
    0x08005064   0x08005064   0x00000028   Code   RO         4692    i.rt_system_scheduler_start  scheduler.o
    0x0800508c   0x0800508c   0x0000000c   Code   RO         4874    i.rt_system_timer_init  timer.o
    0x08005098   0x08005098   0x00000002   Code   RO         4875    i.rt_system_timer_thread_init  timer.o
    0x0800509a   0x0800509a   0x00000004   Code   RO         4758    i.rt_thread_delay   thread.o
    0x0800509e   0x0800509e   0x00000002   PAD
    0x080050a0   0x080050a0   0x0000005c   Code   RO         4761    i.rt_thread_exit    thread.o
    0x080050fc   0x080050fc   0x00000002   Code   RO         4333    i.rt_thread_idle_entry  idle.o
    0x080050fe   0x080050fe   0x00000002   PAD
    0x08005100   0x08005100   0x00000038   Code   RO         4336    i.rt_thread_idle_init  idle.o
    0x08005138   0x08005138   0x00000030   Code   RO         4763    i.rt_thread_init    thread.o
    0x08005168   0x08005168   0x0000000e   Code   RO         4764    i.rt_thread_mdelay  thread.o
    0x08005176   0x08005176   0x0000003c   Code   RO         4765    i.rt_thread_resume  thread.o
    0x080051b2   0x080051b2   0x00000002   PAD
    0x080051b4   0x080051b4   0x0000000c   Code   RO         4766    i.rt_thread_self    thread.o
    0x080051c0   0x080051c0   0x00000040   Code   RO         4767    i.rt_thread_sleep   thread.o
    0x08005200   0x08005200   0x0000002c   Code   RO         4768    i.rt_thread_startup  thread.o
    0x0800522c   0x0800522c   0x00000042   Code   RO         4769    i.rt_thread_suspend  thread.o
    0x0800526e   0x0800526e   0x00000020   Code   RO         4770    i.rt_thread_timeout  thread.o
    0x0800528e   0x0800528e   0x00000002   PAD
    0x08005290   0x08005290   0x00000060   Code   RO         4771    i.rt_thread_yield   thread.o
    0x080052f0   0x080052f0   0x00000032   Code   RO         4218    i.rt_tick_from_millisecond  clock.o
    0x08005322   0x08005322   0x00000002   PAD
    0x08005324   0x08005324   0x0000000c   Code   RO         4219    i.rt_tick_get       clock.o
    0x08005330   0x08005330   0x0000002c   Code   RO         4220    i.rt_tick_increase  clock.o
    0x0800535c   0x0800535c   0x0000008c   Code   RO         4876    i.rt_timer_check    timer.o
    0x080053e8   0x080053e8   0x00000048   Code   RO         4877    i.rt_timer_control  timer.o
    0x08005430   0x08005430   0x00000028   Code   RO         4878    i.rt_timer_detach   timer.o
    0x08005458   0x08005458   0x00000030   Code   RO         4879    i.rt_timer_init     timer.o
    0x08005488   0x08005488   0x00000084   Code   RO         4881    i.rt_timer_start    timer.o
    0x0800550c   0x0800550c   0x0000002e   Code   RO         4882    i.rt_timer_stop     timer.o
    0x0800553a   0x0800553a   0x00000002   PAD
    0x0800553c   0x0800553c   0x00000284   Code   RO         4468    i.rt_vsnprintf      kservice.o
    0x080057c0   0x080057c0   0x00000004   Code   RO         4263    i.rti_board_end     components.o
    0x080057c4   0x080057c4   0x00000004   Code   RO         4264    i.rti_board_start   components.o
    0x080057c8   0x080057c8   0x00000004   Code   RO         4265    i.rti_end           components.o
    0x080057cc   0x080057cc   0x00000004   Code   RO         4266    i.rti_start         components.o
    0x080057d0   0x080057d0   0x0000002a   Code   RO         4267    i.rtthread_startup  components.o
    0x080057fa   0x080057fa   0x00000028   Code   RO         4470    i.skip_atoi         kservice.o
    0x08005822   0x08005822   0x00000002   PAD
    0x08005824   0x08005824   0x00000034   Code   RO         5020    i.uart_init         board.o
    0x08005858   0x08005858   0x0000002c   Code   RO         3896    i.usMBCRC16         mbcrc.o
    0x08005884   0x08005884   0x000000d0   Code   RO         4959    i.usage_fault_track  cpuport.o
    0x08005954   0x08005954   0x00000030   Code   RO         4065    i.vMBPortSerialEnable  portserial.o
    0x08005984   0x08005984   0x0000003c   Code   RO         4157    i.vMBPortTimersDisable  porttimer.o
    0x080059c0   0x080059c0   0x0000002c   Code   RO         4151    i.vMBPortTimersEnable  porttimer.o
    0x080059ec   0x080059ec   0x0000000a   Code   RO         5073    i.version           cmd.o
    0x080059f6   0x080059f6   0x00000002   PAD
    0x080059f8   0x080059f8   0x000000e4   Code   RO         3620    i.xMBASCIIReceiveFSM  mbascii.o
    0x08005adc   0x08005adc   0x00000030   Code   RO         3621    i.xMBASCIITimerT1SExpired  mbascii.o
    0x08005b0c   0x08005b0c   0x000000ac   Code   RO         3622    i.xMBASCIITransmitFSM  mbascii.o
    0x08005bb8   0x08005bb8   0x0000001c   Code   RO         4025    i.xMBPortEventGet   portevent.o
    0x08005bd4   0x08005bd4   0x00000010   Code   RO         4026    i.xMBPortEventInit  portevent.o
    0x08005be4   0x08005be4   0x00000010   Code   RO         4027    i.xMBPortEventPost  portevent.o
    0x08005bf4   0x08005bf4   0x0000001c   Code   RO         4066    i.xMBPortSerialGetByte  portserial.o
    0x08005c10   0x08005c10   0x00000004   Code   RO         4067    i.xMBPortSerialInit  portserial.o
    0x08005c14   0x08005c14   0x0000001c   Code   RO         4068    i.xMBPortSerialPutByte  portserial.o
    0x08005c30   0x08005c30   0x00000004   Code   RO         4128    i.xMBPortTimersInit  porttimer.o
    0x08005c34   0x08005c34   0x00000068   Code   RO         3933    i.xMBRTUReceiveFSM  mbrtu.o
    0x08005c9c   0x08005c9c   0x00000040   Code   RO         3934    i.xMBRTUTimerT35Expired  mbrtu.o
    0x08005cdc   0x08005cdc   0x0000005c   Code   RO         3935    i.xMBRTUTransmitFSM  mbrtu.o
    0x08005d38   0x08005d38   0x00000010   Data   RO         3313    .constdata          system_stm32f1xx.o
    0x08005d48   0x08005d48   0x00000008   Data   RO         3314    .constdata          system_stm32f1xx.o
    0x08005d50   0x08005d50   0x00000200   Data   RO         3897    .constdata          mbcrc.o
    0x08005f50   0x08005f50   0x00000122   Data   RO         4472    .constdata          kservice.o
    0x08006072   0x08006072   0x00000002   PAD
    0x08006074   0x08006074   0x00000044   Data   RO         5074    .conststring        cmd.o
    0x080060b8   0x080060b8   0x00000006   Data   RO         5075    .rodata.name        cmd.o
    0x080060be   0x080060be   0x00000010   Data   RO         5076    .rodata.name        cmd.o
    0x080060ce   0x080060ce   0x00000008   Data   RO         5077    .rodata.name        cmd.o
    0x080060d6   0x080060d6   0x00000023   Data   RO         5078    .rodata.name        cmd.o
    0x080060f9   0x080060f9   0x0000000e   Data   RO         5079    .rodata.name        cmd.o
    0x08006107   0x08006107   0x00000023   Data   RO         5080    .rodata.name        cmd.o
    0x0800612a   0x0800612a   0x0000000c   Data   RO         5081    .rodata.name        cmd.o
    0x08006136   0x08006136   0x0000000c   Data   RO         5082    .rodata.name        cmd.o
    0x08006142   0x08006142   0x00000012   Data   RO         5083    .rodata.name        cmd.o
    0x08006154   0x08006154   0x0000000c   Data   RO         5084    .rodata.name        cmd.o
    0x08006160   0x08006160   0x00000009   Data   RO         5085    .rodata.name        cmd.o
    0x08006169   0x08006169   0x00000019   Data   RO         5086    .rodata.name        cmd.o
    0x08006182   0x08006182   0x0000000f   Data   RO         5087    .rodata.name        cmd.o
    0x08006191   0x08006191   0x00000019   Data   RO         5088    .rodata.name        cmd.o
    0x080061aa   0x080061aa   0x0000000b   Data   RO         5089    .rodata.name        cmd.o
    0x080061b5   0x080061b5   0x00000015   Data   RO         5090    .rodata.name        cmd.o
    0x080061ca   0x080061ca   0x00000011   Data   RO         5091    .rodata.name        cmd.o
    0x080061db   0x080061db   0x00000015   Data   RO         5092    .rodata.name        cmd.o
    0x080061f0   0x080061f0   0x00000005   Data   RO         5093    .rodata.name        cmd.o
    0x080061f5   0x080061f5   0x0000001a   Data   RO         5094    .rodata.name        cmd.o
    0x0800620f   0x0800620f   0x0000000b   Data   RO         5183    .rodata.name        msh.o
    0x0800621a   0x0800621a   0x00000016   Data   RO         5184    .rodata.name        msh.o
    0x08006230   0x08006230   0x00000009   Data   RO         5185    .rodata.name        msh.o
    0x08006239   0x08006239   0x0000001c   Data   RO         5186    .rodata.name        msh.o
    0x08006255   0x08006255   0x00000003   PAD
    0x08006258   0x08006258   0x00000004   Data   RO         4269    .rti_fn.0           components.o
    0x0800625c   0x0800625c   0x00000004   Data   RO         4270    .rti_fn.0.end       components.o
    0x08006260   0x08006260   0x00000004   Data   RO         5022    .rti_fn.1           board.o
    0x08006264   0x08006264   0x00000004   Data   RO         4271    .rti_fn.1.end       components.o
    0x08006268   0x08006268   0x00000004   Data   RO         5250    .rti_fn.6           shell.o
    0x0800626c   0x0800626c   0x00000004   Data   RO         4272    .rti_fn.6.end       components.o
    0x08006270   0x08006270   0x00000078   Data   RO         5095    FSymTab             cmd.o
    0x080062e8   0x080062e8   0x00000018   Data   RO         5187    FSymTab             msh.o
    0x08006300   0x08006300   0x00000020   Data   RO         5360    Region$$Table       anon$$obj.o


    Execution Region RW_IRAM1 (Exec base: 0x20000000, Load base: 0x08006320, Size: 0x000015b0, Max: 0x00005000, ABSOLUTE, COMPRESSED[0x00000068])

    Exec Addr    Load Addr    Size         Type   Attr      Idx    E Section Name        Object

    0x20000000   COMPRESSED   0x0000000c   Data   RW         1031    .data               stm32f1xx_hal.o
    0x2000000c   COMPRESSED   0x00000004   Data   RW         3315    .data               system_stm32f1xx.o
    0x20000010   COMPRESSED   0x000000ac   Data   RW         3527    .data               mb.o
    0x200000bc   COMPRESSED   0x00000010   Data   RW         3623    .data               mbascii.o
    0x200000cc   COMPRESSED   0x00000002   Data   RW         3830    .data               mbfuncother.o
    0x200000ce   COMPRESSED   0x00000002   PAD
    0x200000d0   COMPRESSED   0x0000000c   Data   RW         3937    .data               mbrtu.o
    0x200000dc   COMPRESSED   0x00000002   Data   RW         4028    .data               portevent.o
    0x200000de   COMPRESSED   0x00000002   PAD
    0x200000e0   COMPRESSED   0x0000001c   Data   RW         4175    .data               demo.o
    0x200000fc   COMPRESSED   0x00000004   Data   RW         4222    .data               clock.o
    0x20000100   COMPRESSED   0x00000001   Data   RW         4422    .data               irq.o
    0x20000101   COMPRESSED   0x00000003   PAD
    0x20000104   COMPRESSED   0x00000030   Data   RW         4629    .data               object.o
    0x20000134   COMPRESSED   0x00000014   Data   RW         4694    .data               scheduler.o
    0x20000148   COMPRESSED   0x0000000c   Data   RW         4883    .data               timer.o
    0x20000154   COMPRESSED   0x00000004   Data   RW         4960    .data               cpuport.o
    0x20000158   COMPRESSED   0x00000004   Data   RW         4961    .data               cpuport.o
    0x2000015c   COMPRESSED   0x00000004   Data   RW         4962    .data               cpuport.o
    0x20000160   COMPRESSED   0x00000004   Data   RW         4963    .data               cpuport.o
    0x20000164   COMPRESSED   0x00000018   Data   RW         5249    .data               shell.o
    0x2000017c        -       0x000000f8   Zero   RW           16    .bss                app_rt_thread.o
    0x20000274        -       0x000000dc   Zero   RW          303    .bss                i2c.o
    0x20000350        -       0x00000048   Zero   RW          345    .bss                tim.o
    0x20000398        -       0x00000044   Zero   RW          387    .bss                usart.o
    0x200003dc        -       0x00000020   Zero   RW         3829    .bss                mbfuncother.o
    0x200003fc        -       0x00000100   Zero   RW         3936    .bss                mbrtu.o
    0x200004fc        -       0x0000000a   Zero   RW         4174    .bss                demo.o
    0x20000506   COMPRESSED   0x00000002   PAD
    0x20000508        -       0x00000478   Zero   RW         4268    .bss                components.o
    0x20000980        -       0x000000f8   Zero   RW         4337    .bss                idle.o
    0x20000a78        -       0x00000080   Zero   RW         4471    .bss                kservice.o
    0x20000af8        -       0x00000100   Zero   RW         4693    .bss                scheduler.o
    0x20000bf8        -       0x00000044   Zero   RW         5021    .bss                board.o
    0x20000c3c        -       0x00000574   Zero   RW         5248    .bss                shell.o
    0x200011b0        -       0x00000400   Zero   RW            1    STACK               startup_stm32f103xb.o


==============================================================================

Image component sizes


      Code (inc. data)   RO Data    RW Data    ZI Data      Debug   Object Name

      1314         38          0          0          0      12135   aht20-21_demo_v1_3.o
       104         20          0          0        248     444488   app_rt_thread.o
       220         22          4          0         68       3814   board.o
       106         12          0          4          0       1876   clock.o
      1402        532        531          0          0      13356   cmd.o
       198         32         16          0       1144       6180   components.o
       244         28          0          0          0        820   context_rvds.o
      1340        718          0         16          0       5778   cpuport.o
       192         14          0         28         10       2887   demo.o
        60          4          0          0          0        722   dma.o
       112          8          0          0          0        871   gpio.o
       264         36          0          0        220       1735   i2c.o
        58         16          0          0        248       1760   idle.o
        36          0          0          0          0       4170   ipc.o
        56         12          0          1          0       1682   irq.o
      1438        160        290          0        128      11133   kservice.o
       164          0          0          0          0       1960   main.o
       412         68          0        172          0       8128   mb.o
       792         38          0         16          0       8387   mbascii.o
        44          4        512          0          0       1148   mbcrc.o
       300          0          0          0          0       3594   mbfunccoils.o
       114          0          0          0          0       1496   mbfuncdisc.o
       378          0          0          0          0       4975   mbfuncholding.o
        98          0          0          0          0       1487   mbfuncinput.o
        36         10          0          2         32       1295   mbfuncother.o
       588         48          0         12        256       6643   mbrtu.o
        24          0          0          0          0        592   mbutils.o
       770        162         94          0          0       7233   msh.o
       168          6          0         48          0       6376   object.o
        60         14          0          2          0       1948   portevent.o
       132         24          0          0          0       4606   portserial.o
       120         16          0          0          0       1747   porttimer.o
       416         56          0         20        256       8370   scheduler.o
       900        116          4         24       1396      10535   shell.o
        36          8        236          0       1024        780   startup_stm32f103xb.o
       112         20          0         12          0       4687   stm32f1xx_hal.o
       224         14          0          0          0      29450   stm32f1xx_hal_cortex.o
       660         36          0          0          0       3814   stm32f1xx_hal_dma.o
       500         34          0          0          0       3423   stm32f1xx_hal_gpio.o
      3320         48          0          0          0      19613   stm32f1xx_hal_i2c.o
        60          8          0          0          0        826   stm32f1xx_hal_msp.o
      1284        106          0          0          0       5488   stm32f1xx_hal_rcc.o
       884         14          0          0          0       8689   stm32f1xx_hal_tim.o
       108         12          0          0          0       2281   stm32f1xx_hal_tim_ex.o
      1530         10          0          0          0      10563   stm32f1xx_hal_uart.o
       118         30          0          0          0       5113   stm32f1xx_it.o
       106         22         24          4          0       1655   system_stm32f1xx.o
       720         44          0          0          0      12394   thread.o
       164         20          0          0         72       1574   tim.o
       530         20          0         12          0      10600   timer.o
       184         20          0          0         68       1602   usart.o

    ----------------------------------------------------------------------
     23266       2680       1748        380       5172     716479   Object Totals
         0          0         32          0          0          0   (incl. Generated)
        66          0          5          7          2          0   (incl. Padding)

    ----------------------------------------------------------------------

      Code (inc. data)   RO Data    RW Data    ZI Data      Debug   Library Member Name

        86          0          0          0          0          0   __dczerorl2.o
         0          0          0          0          0          0   entry.o
         0          0          0          0          0          0   entry10a.o
         0          0          0          0          0          0   entry11a.o
         4          0          0          0          0          0   entry12b.o
         8          4          0          0          0          0   entry2.o
         4          0          0          0          0          0   entry5.o
         0          0          0          0          0          0   entry7b.o
         0          0          0          0          0          0   entry8b.o
         8          4          0          0          0          0   entry9a.o
        30          0          0          0          0          0   handlers.o
        36          8          0          0          0         68   init.o
        36          0          0          0          0         68   memcpya.o
        36          0          0          0          0        108   memseta.o
        24          0          0          0          0         68   strcat.o
        18          0          0          0          0         68   strcpy.o
        14          0          0          0          0         68   strlen.o
        30          0          0          0          0         80   strncmp.o
        24          0          0          0          0         76   strncpy.o

    ----------------------------------------------------------------------
       362         16          0          0          0        604   Library Totals
         4          0          0          0          0          0   (incl. Padding)

    ----------------------------------------------------------------------

      Code (inc. data)   RO Data    RW Data    ZI Data      Debug   Library Name

       358         16          0          0          0        604   mc_w.l

    ----------------------------------------------------------------------
       362         16          0          0          0        604   Library Totals

    ----------------------------------------------------------------------

==============================================================================


      Code (inc. data)   RO Data    RW Data    ZI Data      Debug   

     23628       2696       1748        380       5172     703223   Grand Totals
     23628       2696       1748        104       5172     703223   ELF Image Totals (compressed)
     23628       2696       1748        104          0          0   ROM Totals

==============================================================================

    Total RO  Size (Code + RO Data)                25376 (  24.78kB)
    Total RW  Size (RW Data + ZI Data)              5552 (   5.42kB)
    Total ROM Size (Code + RO Data + RW Data)      25480 (  24.88kB)

==============================================================================

