<html>
<body>
<pre>
<h1>µVision Build Log</h1>
<h2>Tool Versions:</h2>
IDE-Version: ¦ÌVision V5.37.0.0
Copyright (C) 2022 ARM Ltd and ARM Germany GmbH. All rights reserved.
License Information: Yang HaiDong, ChongQingjiaotong, LIC=14HV2-94CG1-EVH1R-KV691-D8AH1-CAFP6
 
Tool Versions:
Toolchain:       MDK-ARM Plus  Version: 5.37.0.0
Toolchain Path:  C:\Keil_v5\ARM\ARMCC\Bin
C Compiler:      Armcc.exe V5.06 update 7 (build 960)
Assembler:       Armasm.exe V5.06 update 7 (build 960)
Linker/Locator:  ArmLink.exe V5.06 update 7 (build 960)
Library Manager: ArmAr.exe V5.06 update 7 (build 960)
Hex Converter:   FromElf.exe V5.06 update 7 (build 960)
CPU DLL:         SARMCM3.DLL V5.37.0.0
Dialog DLL:      DCM.DLL V1.17.5.0
Target DLL:      STLink\ST-LINKIII-KEIL_SWO.dll V3.0.9.0
Dialog DLL:      TCM.DLL V1.56.1.0
 
<h2>Project:</h2>
E:\stm32\modbus\modbus-thread\MDK-ARM\modbus-thread.uvprojx
Project File Date:  12/17/2022

<h2>Output:</h2>
*** Using Compiler 'V5.06 update 7 (build 960)', folder: 'C:\Keil_v5\ARM\ARMCC\Bin'
Rebuild target 'modbus-thread'
assembling startup_stm32f103xb.s...
compiling stm32f1xx_it.c...
compiling app_rt_thread.c...
compiling gpio.c...
compiling main.c...
compiling stm32f1xx_hal_gpio_ex.c...
compiling i2c.c...
compiling usart.c...
compiling stm32f1xx_hal_msp.c...
compiling dma.c...
compiling tim.c...
compiling stm32f1xx_hal_i2c.c...
compiling stm32f1xx_hal.c...
compiling stm32f1xx_hal_flash.c...
compiling stm32f1xx_hal_exti.c...
compiling stm32f1xx_hal_pwr.c...
compiling stm32f1xx_hal_rcc_ex.c...
compiling stm32f1xx_hal_cortex.c...
compiling stm32f1xx_hal_gpio.c...
compiling stm32f1xx_hal_dma.c...
compiling stm32f1xx_hal_flash_ex.c...
compiling stm32f1xx_hal_rcc.c...
compiling mbfuncdiag.c...
compiling stm32f1xx_hal_tim.c...
compiling stm32f1xx_hal_uart.c...
compiling stm32f1xx_hal_tim_ex.c...
compiling AHT20-21_DEMO_V1_3.c...
AHT\AHT20-21_DEMO_V1_3.c(463): warning:  #550-D: variable "Byte_first"  was set but never used
  	uint8_t Byte_first,Byte_second,Byte_third;
AHT\AHT20-21_DEMO_V1_3.c: 1 warning, 0 errors
compiling mbfuncinput.c...
compiling system_stm32f1xx.c...
compiling mbfuncdisc.c...
compiling mbfunccoils.c...
compiling mbascii.c...
compiling mb.c...
assembling context_rvds.S...
compiling mbfuncholding.c...
compiling mbfuncother.c...
compiling clock.c...
compiling components.c...
compiling cpu.c...
compiling idle.c...
compiling ipc.c...
compiling irq.c...
compiling mem.c...
compiling kservice.c...
compiling memheap.c...
compiling mempool.c...
compiling object.c...
compiling scheduler.c...
compiling slab.c...
compiling timer.c...
compiling thread.c...
compiling cpuport.c...
compiling finsh_port.c...
compiling cmd.c...
compiling msh.c...
compiling shell.c...
compiling device.c...
compiling mbrtu.c...
STM32MB\modbus\rtu\mbrtu.c(152): warning:  #550-D: variable "xFrameReceived"  was set but never used
      BOOL            xFrameReceived = FALSE;
STM32MB\modbus\rtu\mbrtu.c: 1 warning, 0 errors
compiling mbcrc.c...
compiling demo.c...
STM32MB\demo.c(34): warning:  #186-D: pointless comparison of unsigned integer with zero
      if( ( usAddress >= REG_INPUT_START )
STM32MB\demo.c(22): warning:  #550-D: variable "iRegIndex"  was set but never used
      int             iRegIndex;
STM32MB\demo.c: 2 warnings, 0 errors
compiling mbutils.c...
compiling mbtcp.c...
compiling portevent.c...
compiling porttimer.c...
compiling portserial.c...
compiling board.c...
linking...
Program Size: Code=23628 RO-data=1748 RW-data=380 ZI-data=5172  
FromELF: creating hex file...
"modbus-thread\modbus-thread.axf" - 0 Error(s), 4 Warning(s).

<h2>Software Packages used:</h2>

Package Vendor: ARM
                http://www.keil.com/pack/ARM.CMSIS.5.9.0.pack
                ARM.CMSIS.5.9.0
                CMSIS (Common Microcontroller Software Interface Standard)
   * Component: CORE Version: 5.6.0

Package Vendor: Keil
                http://www.keil.com/pack/Keil.STM32F1xx_DFP.2.2.0.pack
                Keil.STM32F1xx_DFP.2.2.0
                STMicroelectronics STM32F1 Series Device Support, Drivers and Examples

<h2>Collection of Component include folders:</h2>
  ./RTE/_modbus-thread
  C:/Users/DELL/AppData/Local/Arm/Packs/ARM/CMSIS/5.9.0/CMSIS/Core/Include
  C:/Users/DELL/AppData/Local/Arm/Packs/Keil/STM32F1xx_DFP/2.2.0/Device/Include

<h2>Collection of Component Files used:</h2>

   * Component: ARM::CMSIS:CORE:5.6.0
      Include file:  CMSIS/Core/Include/tz_context.h
Build Time Elapsed:  00:00:15
</pre>
</body>
</html>
